Archive member included to satisfy reference by file (symbol)

D:/Program files/STM32/STM32CubeIDE_1.11.0/STM32CubeIDE/plugins/com.st.stm32cube.ide.mcu.externaltools.gnu-tools-for-stm32.11.3.rel1.win32_1.1.1.202309131626/tools/bin/../lib/gcc/arm-none-eabi/11.3.1/../../../../arm-none-eabi/lib/thumb/v7-m/nofp\libc_nano.a(libc_a-exit.o)
                              D:/Program files/STM32/STM32CubeIDE_1.11.0/STM32CubeIDE/plugins/com.st.stm32cube.ide.mcu.externaltools.gnu-tools-for-stm32.11.3.rel1.win32_1.1.1.202309131626/tools/bin/../lib/gcc/arm-none-eabi/11.3.1/../../../../arm-none-eabi/lib/thumb/v7-m/nofp/crt0.o (exit)
D:/Program files/STM32/STM32CubeIDE_1.11.0/STM32CubeIDE/plugins/com.st.stm32cube.ide.mcu.externaltools.gnu-tools-for-stm32.11.3.rel1.win32_1.1.1.202309131626/tools/bin/../lib/gcc/arm-none-eabi/11.3.1/../../../../arm-none-eabi/lib/thumb/v7-m/nofp\libc_nano.a(libc_a-findfp.o)
                              D:/Program files/STM32/STM32CubeIDE_1.11.0/STM32CubeIDE/plugins/com.st.stm32cube.ide.mcu.externaltools.gnu-tools-for-stm32.11.3.rel1.win32_1.1.1.202309131626/tools/bin/../lib/gcc/arm-none-eabi/11.3.1/../../../../arm-none-eabi/lib/thumb/v7-m/nofp\libc_nano.a(libc_a-exit.o) (__stdio_exit_handler)
D:/Program files/STM32/STM32CubeIDE_1.11.0/STM32CubeIDE/plugins/com.st.stm32cube.ide.mcu.externaltools.gnu-tools-for-stm32.11.3.rel1.win32_1.1.1.202309131626/tools/bin/../lib/gcc/arm-none-eabi/11.3.1/../../../../arm-none-eabi/lib/thumb/v7-m/nofp\libc_nano.a(libc_a-fwalk.o)
                              D:/Program files/STM32/STM32CubeIDE_1.11.0/STM32CubeIDE/plugins/com.st.stm32cube.ide.mcu.externaltools.gnu-tools-for-stm32.11.3.rel1.win32_1.1.1.202309131626/tools/bin/../lib/gcc/arm-none-eabi/11.3.1/../../../../arm-none-eabi/lib/thumb/v7-m/nofp\libc_nano.a(libc_a-findfp.o) (_fwalk_sglue)
D:/Program files/STM32/STM32CubeIDE_1.11.0/STM32CubeIDE/plugins/com.st.stm32cube.ide.mcu.externaltools.gnu-tools-for-stm32.11.3.rel1.win32_1.1.1.202309131626/tools/bin/../lib/gcc/arm-none-eabi/11.3.1/../../../../arm-none-eabi/lib/thumb/v7-m/nofp\libc_nano.a(libc_a-sprintf.o)
                              ./Core/Src/SIM800.o (sprintf)
D:/Program files/STM32/STM32CubeIDE_1.11.0/STM32CubeIDE/plugins/com.st.stm32cube.ide.mcu.externaltools.gnu-tools-for-stm32.11.3.rel1.win32_1.1.1.202309131626/tools/bin/../lib/gcc/arm-none-eabi/11.3.1/../../../../arm-none-eabi/lib/thumb/v7-m/nofp\libc_nano.a(libc_a-stdio.o)
                              D:/Program files/STM32/STM32CubeIDE_1.11.0/STM32CubeIDE/plugins/com.st.stm32cube.ide.mcu.externaltools.gnu-tools-for-stm32.11.3.rel1.win32_1.1.1.202309131626/tools/bin/../lib/gcc/arm-none-eabi/11.3.1/../../../../arm-none-eabi/lib/thumb/v7-m/nofp\libc_nano.a(libc_a-findfp.o) (__sread)
D:/Program files/STM32/STM32CubeIDE_1.11.0/STM32CubeIDE/plugins/com.st.stm32cube.ide.mcu.externaltools.gnu-tools-for-stm32.11.3.rel1.win32_1.1.1.202309131626/tools/bin/../lib/gcc/arm-none-eabi/11.3.1/../../../../arm-none-eabi/lib/thumb/v7-m/nofp\libc_nano.a(libc_a-memset.o)
                              D:/Program files/STM32/STM32CubeIDE_1.11.0/STM32CubeIDE/plugins/com.st.stm32cube.ide.mcu.externaltools.gnu-tools-for-stm32.11.3.rel1.win32_1.1.1.202309131626/tools/bin/../lib/gcc/arm-none-eabi/11.3.1/../../../../arm-none-eabi/lib/thumb/v7-m/nofp/crt0.o (memset)
D:/Program files/STM32/STM32CubeIDE_1.11.0/STM32CubeIDE/plugins/com.st.stm32cube.ide.mcu.externaltools.gnu-tools-for-stm32.11.3.rel1.win32_1.1.1.202309131626/tools/bin/../lib/gcc/arm-none-eabi/11.3.1/../../../../arm-none-eabi/lib/thumb/v7-m/nofp\libc_nano.a(libc_a-closer.o)
                              D:/Program files/STM32/STM32CubeIDE_1.11.0/STM32CubeIDE/plugins/com.st.stm32cube.ide.mcu.externaltools.gnu-tools-for-stm32.11.3.rel1.win32_1.1.1.202309131626/tools/bin/../lib/gcc/arm-none-eabi/11.3.1/../../../../arm-none-eabi/lib/thumb/v7-m/nofp\libc_nano.a(libc_a-stdio.o) (_close_r)
D:/Program files/STM32/STM32CubeIDE_1.11.0/STM32CubeIDE/plugins/com.st.stm32cube.ide.mcu.externaltools.gnu-tools-for-stm32.11.3.rel1.win32_1.1.1.202309131626/tools/bin/../lib/gcc/arm-none-eabi/11.3.1/../../../../arm-none-eabi/lib/thumb/v7-m/nofp\libc_nano.a(libc_a-reent.o)
                              D:/Program files/STM32/STM32CubeIDE_1.11.0/STM32CubeIDE/plugins/com.st.stm32cube.ide.mcu.externaltools.gnu-tools-for-stm32.11.3.rel1.win32_1.1.1.202309131626/tools/bin/../lib/gcc/arm-none-eabi/11.3.1/../../../../arm-none-eabi/lib/thumb/v7-m/nofp\libc_nano.a(libc_a-closer.o) (errno)
D:/Program files/STM32/STM32CubeIDE_1.11.0/STM32CubeIDE/plugins/com.st.stm32cube.ide.mcu.externaltools.gnu-tools-for-stm32.11.3.rel1.win32_1.1.1.202309131626/tools/bin/../lib/gcc/arm-none-eabi/11.3.1/../../../../arm-none-eabi/lib/thumb/v7-m/nofp\libc_nano.a(libc_a-impure.o)
[...]
Memory Configuration

Name             Origin             Length             Attributes
RAM              0x0000000020000000 0x0000000000005000 xrw
FLASH            0x0000000008000000 0x0000000000010000 xr
*default*        0x0000000000000000 0xffffffffffffffff

Linker script and memory map

LOAD D:/Program files/STM32/STM32CubeIDE_1.11.0/STM32CubeIDE/plugins/com.st.stm32cube.ide.mcu.externaltools.gnu-tools-for-stm32.11.3.rel1.win32_1.1.1.202309131626/tools/bin/../lib/gcc/arm-none-eabi/11.3.1/thumb/v7-m/nofp/crti.o
LOAD D:/Program files/STM32/STM32CubeIDE_1.11.0/STM32CubeIDE/plugins/com.st.stm32cube.ide.mcu.externaltools.gnu-tools-for-stm32.11.3.rel1.win32_1.1.1.202309131626/tools/bin/../lib/gcc/arm-none-eabi/11.3.1/thumb/v7-m/nofp/crtbegin.o
LOAD D:/Program files/STM32/STM32CubeIDE_1.11.0/STM32CubeIDE/plugins/com.st.stm32cube.ide.mcu.externaltools.gnu-tools-for-stm32.11.3.rel1.win32_1.1.1.202309131626/tools/bin/../lib/gcc/arm-none-eabi/11.3.1/../../../../arm-none-eabi/lib/thumb/v7-m/nofp/crt0.o
LOAD ./Core/Src/GPS.o
LOAD ./Core/Src/SIM800.o
LOAD ./Core/Src/main.o
LOAD ./Core/Src/stm32f1xx_hal_msp.o
LOAD ./Core/Src/stm32f1xx_it.o
LOAD ./Core/Src/syscalls.o
LOAD ./Core/Src/sysmem.o
LOAD ./Core/Src/system_stm32f1xx.o
LOAD ./Core/Startup/startup_stm32f103c8tx.o
LOAD ./Drivers/STM32F1xx_HAL_Driver/Src/stm32f1xx_hal.o
LOAD ./Drivers/STM32F1xx_HAL_Driver/Src/stm32f1xx_hal_cortex.o
LOAD ./Drivers/STM32F1xx_HAL_Driver/Src/stm32f1xx_hal_dma.o
LOAD ./Drivers/STM32F1xx_HAL_Driver/Src/stm32f1xx_hal_exti.o
LOAD ./Drivers/STM32F1xx_HAL_Driver/Src/stm32f1xx_hal_flash.o
LOAD ./Drivers/STM32F1xx_HAL_Driver/Src/stm32f1xx_hal_flash_ex.o
LOAD ./Drivers/STM32F1xx_HAL_Driver/Src/stm32f1xx_hal_gpio.o
LOAD ./Drivers/STM32F1xx_HAL_Driver/Src/stm32f1xx_hal_gpio_ex.o
LOAD ./Drivers/STM32F1xx_HAL_Driver/Src/stm32f1xx_hal_pwr.o
LOAD ./Drivers/STM32F1xx_HAL_Driver/Src/stm32f1xx_hal_rcc.o
LOAD ./Drivers/STM32F1xx_HAL_Driver/Src/stm32f1xx_hal_rcc_ex.o
LOAD ./Drivers/STM32F1xx_HAL_Driver/Src/stm32f1xx_hal_tim.o
LOAD ./Drivers/STM32F1xx_HAL_Driver/Src/stm32f1xx_hal_tim_ex.o
LOAD ./Drivers/STM32F1xx_HAL_Driver/Src/stm32f1xx_hal_uart.o
START GROUP
LOAD D:/Program files/STM32/STM32CubeIDE_1.11.0/STM32CubeIDE/plugins/com.st.stm32cube.ide.mcu.externaltools.gnu-tools-for-stm32.11.3.rel1.win32_1.1.1.202309131626/tools/bin/../lib/gcc/arm-none-eabi/11.3.1/../../../../arm-none-eabi/lib/thumb/v7-m/nofp\libc_nano.a
LOAD D:/Program files/STM32/STM32CubeIDE_1.11.0/STM32CubeIDE/plugins/com.st.stm32cube.ide.mcu.externaltools.gnu-tools-for-stm32.11.3.rel1.win32_1.1.1.202309131626/tools/bin/../lib/gcc/arm-none-eabi/11.3.1/../../../../arm-none-eabi/lib/thumb/v7-m/nofp\libm.a
END GROUP
START GROUP
LOAD D:/Program files/STM32/STM32CubeIDE_1.11.0/STM32CubeIDE/plugins/com.st.stm32cube.ide.mcu.externaltools.gnu-tools-for-stm32.11.3.rel1.win32_1.1.1.202309131626/tools/bin/../lib/gcc/arm-none-eabi/11.3.1/thumb/v7-m/nofp\libgcc.a
LOAD D:/Program files/STM32/STM32CubeIDE_1.11.0/STM32CubeIDE/plugins/com.st.stm32cube.ide.mcu.externaltools.gnu-tools-for-stm32.11.3.rel1.win32_1.1.1.202309131626/tools/bin/../lib/gcc/arm-none-eabi/11.3.1/../../../../arm-none-eabi/lib/thumb/v7-m/nofp\libc_nano.a
END GROUP
START GROUP
LOAD D:/Program files/STM32/STM32CubeIDE_1.11.0/STM32CubeIDE/plugins/com.st.stm32cube.ide.mcu.externaltools.gnu-tools-for-stm32.11.3.rel1.win32_1.1.1.202309131626/tools/bin/../lib/gcc/arm-none-eabi/11.3.1/thumb/v7-m/nofp\libgcc.a
LOAD D:/Program files/STM32/STM32CubeIDE_1.11.0/STM32CubeIDE/plugins/com.st.stm32cube.ide.mcu.externaltools.gnu-tools-for-stm32.11.3.rel1.win32_1.1.1.202309131626/tools/bin/../lib/gcc/arm-none-eabi/11.3.1/../../../../arm-none-eabi/lib/thumb/v7-m/nofp\libc_nano.a
LOAD D:/Program files/STM32/STM32CubeIDE_1.11.0/STM32CubeIDE/plugins/com.st.stm32cube.ide.mcu.externaltools.gnu-tools-for-stm32.11.3.rel1.win32_1.1.1.202309131626/tools/bin/../lib/gcc/arm-none-eabi/11.3.1/../../../../arm-none-eabi/lib/thumb/v7-m/nofp\libnosys.a
END GROUP
START GROUP
LOAD D:/Program files/STM32/STM32CubeIDE_1.11.0/STM32CubeIDE/plugins/com.st.stm32cube.ide.mcu.externaltools.gnu-tools-for-stm32.11.3.rel1.win32_1.1.1.202309131626/tools/bin/../lib/gcc/arm-none-eabi/11.3.1/thumb/v7-m/nofp\libgcc.a
LOAD D:/Program files/STM32/STM32CubeIDE_1.11.0/STM32CubeIDE/plugins/com.st.stm32cube.ide.mcu.externaltools.gnu-tools-for-stm32.11.3.rel1.win32_1.1.1.202309131626/tools/bin/../lib/gcc/arm-none-eabi/11.3.1/../../../../arm-none-eabi/lib/thumb/v7-m/nofp\libc_nano.a
LOAD D:/Program files/STM32/STM32CubeIDE_1.11.0/STM32CubeIDE/plugins/com.st.stm32cube.ide.mcu.externaltools.gnu-tools-for-stm32.11.3.rel1.win32_1.1.1.202309131626/tools/bin/../lib/gcc/arm-none-eabi/11.3.1/../../../../arm-none-eabi/lib/thumb/v7-m/nofp\libnosys.a
END GROUP
LOAD D:/Program files/STM32/STM32CubeIDE_1.11.0/STM32CubeIDE/plugins/com.st.stm32cube.ide.mcu.externaltools.gnu-tools-for-stm32.11.3.rel1.win32_1.1.1.202309131626/tools/bin/../lib/gcc/arm-none-eabi/11.3.1/thumb/v7-m/nofp/crtend.o
LOAD D:/Program files/STM32/STM32CubeIDE_1.11.0/STM32CubeIDE/plugins/com.st.stm32cube.ide.mcu.externaltools.gnu-tools-for-stm32.11.3.rel1.win32_1.1.1.202309131626/tools/bin/../lib/gcc/arm-none-eabi/11.3.1/thumb/v7-m/nofp/crtn.o
                0x0000000020005000                _estack = (ORIGIN (RAM) + LENGTH (RAM))
                0x0000000000000200                _Min_Heap_Size = 0x200
                0x0000000000000400                _Min_Stack_Size = 0x400

.isr_vector     0x0000000008000000      0x10c
                0x0000000008000000                . = ALIGN (0x4)
 *(.isr_vector)
 .isr_vector    0x0000000008000000      0x10c ./Core/Startup/startup_stm32f103c8tx.o
                0x0000000008000000                g_pfnVectors
                0x000000000800010c                . = ALIGN (0x4)

.text           0x0000000008000110     0x4dec
                0x0000000008000110                . = ALIGN (0x4)
 *(.text)
 .text          0x0000000008000110       0x40 D:/Program files/STM32/STM32CubeIDE_1.11.0/STM32CubeIDE/plugins/com.st.stm32cube.ide.mcu.externaltools.gnu-tools-for-stm32.11.3.rel1.win32_1.1.1.202309131626/tools/bin/../lib/gcc/arm-none-eabi/11.3.1/thumb/v7-m/nofp/crtbegin.o
 .text          0x0000000008000150       0x10 D:/Program files/STM32/STM32CubeIDE_1.11.0/STM32CubeIDE/plugins/com.st.stm32cube.ide.mcu.externaltools.gnu-tools-for-stm32.11.3.rel1.win32_1.1.1.202309131626/tools/bin/../lib/gcc/arm-none-eabi/11.3.1/../../../../arm-none-eabi/lib/thumb/v7-m/nofp\libc_nano.a(libc_a-strlen.o)
                0x0000000008000150                strlen
 .text          0x0000000008000160      0x254 D:/Program files/STM32/STM32CubeIDE_1.11.0/STM32CubeIDE/plugins/com.st.stm32cube.ide.mcu.externaltools.gnu-tools-for-stm32.11.3.rel1.win32_1.1.1.202309131626/tools/bin/../lib/gcc/arm-none-eabi/11.3.1/thumb/v7-m/nofp\libgcc.a(_arm_muldf3.o)
                0x0000000008000160                __muldf3
                0x0000000008000160                __aeabi_dmul
 .text          0x00000000080003b4      0x378 D:/Program files/STM32/STM32CubeIDE_1.11.0/STM32CubeIDE/plugins/com.st.stm32cube.ide.mcu.externaltools.gnu-tools-for-stm32.11.3.rel1.win32_1.1.1.202309131626/tools/bin/../lib/gcc/arm-none-eabi/11.3.1/thumb/v7-m/nofp\libgcc.a(_arm_addsubdf3.o)
                0x00000000080003b4                __aeabi_drsub
                0x00000000080003bc                __aeabi_dsub
                0x00000000080003bc                __subdf3
                0x00000000080003c0                __aeabi_dadd
                0x00000000080003c0                __adddf3
                0x0000000008000638                __floatunsidf
                0x0000000008000638                __aeabi_ui2d
                0x0000000008000658                __floatsidf
                0x0000000008000658                __aeabi_i2d
                0x000000000800067c                __aeabi_f2d
                0x000000000800067c                __extendsfdf2
                0x00000000080006c0                __floatundidf
                0x00000000080006c0                __aeabi_ul2d
                0x00000000080006d0                __floatdidf
                0x00000000080006d0                __aeabi_l2d
 .text          0x000000000800072c       0xa0 D:/Program files/STM32/STM32CubeIDE_1.11.0/STM32CubeIDE/plugins/com.st.stm32cube.ide.mcu.externaltools.gnu-tools-for-stm32.11.3.rel1.win32_1.1.1.202309131626/tools/bin/../lib/gcc/arm-none-eabi/11.3.1/thumb/v7-m/nofp\libgcc.a(_arm_truncdfsf2.o)
                0x000000000800072c                __truncdfsf2
                0x000000000800072c                __aeabi_d2f
 *(.text*)
 .text.Set_Time
                0x00000000080007cc       0xe0 ./Core/Src/GPS.o
                0x00000000080007cc                Set_Time
 .text.Send_Time
                0x00000000080008ac       0x18 ./Core/Src/GPS.o
                0x00000000080008ac                Send_Time
 *fill*         0x00000000080008c4        0x4 
 .text.Set_Location
                0x00000000080008c8      0x398 ./Core/Src/GPS.o
                0x00000000080008c8                Set_Location
 .text.Get_GGA  0x0000000008000c60       0x18 ./Core/Src/GPS.o
                0x0000000008000c60                Get_GGA
 .text.Sp_finder
                0x0000000008000c78      0x11c ./Core/Src/GPS.o
                0x0000000008000c78                Sp_finder
 .text.Reorder_data
                0x0000000008000d94       0x94 ./Core/Src/GPS.o
                0x0000000008000d94                Reorder_data
 .text.SIM800_Init
                0x0000000008000e28      0x20c ./Core/Src/SIM800.o
                0x0000000008000e28                SIM800_Init
 .text.SIM800l_Send_Data
                0x0000000008001034      0x198 ./Core/Src/SIM800.o
                0x0000000008001034                SIM800l_Send_Data
 .text.HAL_TIM_PeriodElapsedCallback
                0x00000000080011cc       0x34 ./Core/Src/main.o
                0x00000000080011cc                HAL_TIM_PeriodElapsedCallback
 .text.HAL_UART_RxCpltCallback
                0x0000000008001200       0x24 ./Core/Src/main.o
                0x0000000008001200                HAL_UART_RxCpltCallback
 .text.main     0x0000000008001224       0x78 ./Core/Src/main.o
                0x0000000008001224                main
 .text.SystemClock_Config
                0x000000000800129c       0x8a ./Core/Src/main.o
                0x000000000800129c                SystemClock_Config
 *fill*         0x0000000008001326        0x2 
 .text.MX_TIM1_Init
                0x0000000008001328       0xa4 ./Core/Src/main.o
 .text.MX_USART1_UART_Init
                0x00000000080013cc       0x54 ./Core/Src/main.o
 .text.MX_USART2_UART_Init
                0x0000000008001420       0x54 ./Core/Src/main.o
 .text.MX_DMA_Init
                0x0000000008001474       0x3c ./Core/Src/main.o
 .text.MX_GPIO_Init
                0x00000000080014b0       0x98 ./Core/Src/main.o
 .text.Error_Handler
                0x0000000008001548        0xa ./Core/Src/main.o
                0x0000000008001548                Error_Handler
 *fill*         0x0000000008001552        0x2 
 .text.HAL_MspInit
                0x0000000008001554       0x64 ./Core/Src/stm32f1xx_hal_msp.o
                0x0000000008001554                HAL_MspInit
 .text.HAL_TIM_Base_MspInit
                0x00000000080015b8       0x4c ./Core/Src/stm32f1xx_hal_msp.o
                0x00000000080015b8                HAL_TIM_Base_MspInit
 .text.HAL_UART_MspInit
                0x0000000008001604      0x16c ./Core/Src/stm32f1xx_hal_msp.o
                0x0000000008001604                HAL_UART_MspInit
 .text.NMI_Handler
                0x0000000008001770        0x6 ./Core/Src/stm32f1xx_it.o
                0x0000000008001770                NMI_Handler
 .text.HardFault_Handler
                0x0000000008001776        0x6 ./Core/Src/stm32f1xx_it.o
                0x0000000008001776                HardFault_Handler
 .text.MemManage_Handler
                0x000000000800177c        0x6 ./Core/Src/stm32f1xx_it.o
                0x000000000800177c                MemManage_Handler
 .text.BusFault_Handler
                0x0000000008001782        0x6 ./Core/Src/stm32f1xx_it.o
                0x0000000008001782                BusFault_Handler
 .text.UsageFault_Handler
                0x0000000008001788        0x6 ./Core/Src/stm32f1xx_it.o
                0x0000000008001788                UsageFault_Handler
 .text.SVC_Handler
                0x000000000800178e        0xc ./Core/Src/stm32f1xx_it.o
                0x000000000800178e                SVC_Handler
 .text.DebugMon_Handler
                0x000000000800179a        0xc ./Core/Src/stm32f1xx_it.o
                0x000000000800179a                DebugMon_Handler
 .text.PendSV_Handler
                0x00000000080017a6        0xc ./Core/Src/stm32f1xx_it.o
                0x00000000080017a6                PendSV_Handler
 .text.SysTick_Handler
                0x00000000080017b2        0xc ./Core/Src/stm32f1xx_it.o
                0x00000000080017b2                SysTick_Handler
 *fill*         0x00000000080017be        0x2 
 .text.DMA1_Channel6_IRQHandler
                0x00000000080017c0       0x14 ./Core/Src/stm32f1xx_it.o
                0x00000000080017c0                DMA1_Channel6_IRQHandler
 .text.TIM1_UP_IRQHandler
                0x00000000080017d4       0x14 ./Core/Src/stm32f1xx_it.o
                0x00000000080017d4                TIM1_UP_IRQHandler
 .text.USART1_IRQHandler
                0x00000000080017e8       0x14 ./Core/Src/stm32f1xx_it.o
                0x00000000080017e8                USART1_IRQHandler
 .text._sbrk    0x00000000080017fc       0x6c ./Core/Src/sysmem.o
                0x00000000080017fc                _sbrk
 .text.SystemInit
                0x0000000008001868        0xc ./Core/Src/system_stm32f1xx.o
                0x0000000008001868                SystemInit
 .text.Reset_Handler
                0x0000000008001874       0x48 ./Core/Startup/startup_stm32f103c8tx.o
                0x0000000008001874                Reset_Handler
 .text.Default_Handler
                0x00000000080018bc        0x2 ./Core/Startup/startup_stm32f103c8tx.o
                0x00000000080018bc                RTC_Alarm_IRQHandler
                0x00000000080018bc                EXTI2_IRQHandler
                0x00000000080018bc                TIM1_CC_IRQHandler
                0x00000000080018bc                PVD_IRQHandler
                0x00000000080018bc                EXTI3_IRQHandler
                0x00000000080018bc                EXTI0_IRQHandler
                0x00000000080018bc                I2C2_EV_IRQHandler
                0x00000000080018bc                ADC1_2_IRQHandler
                0x00000000080018bc                SPI1_IRQHandler
                0x00000000080018bc                TAMPER_IRQHandler
                0x00000000080018bc                DMA1_Channel4_IRQHandler
                0x00000000080018bc                USART3_IRQHandler
                0x00000000080018bc                RTC_IRQHandler
                0x00000000080018bc                DMA1_Channel7_IRQHandler
                0x00000000080018bc                CAN1_RX1_IRQHandler
                0x00000000080018bc                TIM4_IRQHandler
                0x00000000080018bc                I2C1_EV_IRQHandler
                0x00000000080018bc                TIM3_IRQHandler
                0x00000000080018bc                RCC_IRQHandler
                0x00000000080018bc                TIM1_TRG_COM_IRQHandler
                0x00000000080018bc                DMA1_Channel1_IRQHandler
                0x00000000080018bc                Default_Handler
                0x00000000080018bc                EXTI15_10_IRQHandler
                0x00000000080018bc                EXTI9_5_IRQHandler
                0x00000000080018bc                SPI2_IRQHandler
                0x00000000080018bc                DMA1_Channel5_IRQHandler
                0x00000000080018bc                EXTI4_IRQHandler
                0x00000000080018bc                USB_LP_CAN1_RX0_IRQHandler
                0x00000000080018bc                USB_HP_CAN1_TX_IRQHandler
                0x00000000080018bc                DMA1_Channel3_IRQHandler
                0x00000000080018bc                WWDG_IRQHandler
                0x00000000080018bc                TIM2_IRQHandler
                0x00000000080018bc                TIM1_BRK_IRQHandler
                0x00000000080018bc                EXTI1_IRQHandler
                0x00000000080018bc                USART2_IRQHandler
                0x00000000080018bc                I2C2_ER_IRQHandler
                0x00000000080018bc                DMA1_Channel2_IRQHandler
                0x00000000080018bc                CAN1_SCE_IRQHandler
                0x00000000080018bc                FLASH_IRQHandler
                0x00000000080018bc                I2C1_ER_IRQHandler
                0x00000000080018bc                USBWakeUp_IRQHandler
 *fill*         0x00000000080018be        0x2 
 .text.HAL_Init
                0x00000000080018c0       0x2c ./Drivers/STM32F1xx_HAL_Driver/Src/stm32f1xx_hal.o
                0x00000000080018c0                HAL_Init
 .text.HAL_InitTick
                0x00000000080018ec       0x60 ./Drivers/STM32F1xx_HAL_Driver/Src/stm32f1xx_hal.o
                0x00000000080018ec                HAL_InitTick
 .text.HAL_IncTick
                0x000000000800194c       0x24 ./Drivers/STM32F1xx_HAL_Driver/Src/stm32f1xx_hal.o
                0x000000000800194c                HAL_IncTick
 .text.HAL_GetTick
                0x0000000008001970       0x14 ./Drivers/STM32F1xx_HAL_Driver/Src/stm32f1xx_hal.o
                0x0000000008001970                HAL_GetTick
 .text.HAL_Delay
                0x0000000008001984       0x48 ./Drivers/STM32F1xx_HAL_Driver/Src/stm32f1xx_hal.o
                0x0000000008001984                HAL_Delay
 .text.__NVIC_SetPriorityGrouping
                0x00000000080019cc       0x48 ./Drivers/STM32F1xx_HAL_Driver/Src/stm32f1xx_hal_cortex.o
 .text.__NVIC_GetPriorityGrouping
                0x0000000008001a14       0x1c ./Drivers/STM32F1xx_HAL_Driver/Src/stm32f1xx_hal_cortex.o
 .text.__NVIC_EnableIRQ
                0x0000000008001a30       0x38 ./Drivers/STM32F1xx_HAL_Driver/Src/stm32f1xx_hal_cortex.o
 .text.__NVIC_SetPriority
                0x0000000008001a68       0x54 ./Drivers/STM32F1xx_HAL_Driver/Src/stm32f1xx_hal_cortex.o
 .text.NVIC_EncodePriority
                0x0000000008001abc       0x64 ./Drivers/STM32F1xx_HAL_Driver/Src/stm32f1xx_hal_cortex.o
 .text.SysTick_Config
                0x0000000008001b20       0x44 ./Drivers/STM32F1xx_HAL_Driver/Src/stm32f1xx_hal_cortex.o
 .text.HAL_NVIC_SetPriorityGrouping
                0x0000000008001b64       0x16 ./Drivers/STM32F1xx_HAL_Driver/Src/stm32f1xx_hal_cortex.o
                0x0000000008001b64                HAL_NVIC_SetPriorityGrouping
 .text.HAL_NVIC_SetPriority
                0x0000000008001b7a       0x38 ./Drivers/STM32F1xx_HAL_Driver/Src/stm32f1xx_hal_cortex.o
                0x0000000008001b7a                HAL_NVIC_SetPriority
 .text.HAL_NVIC_EnableIRQ
                0x0000000008001bb2       0x1c ./Drivers/STM32F1xx_HAL_Driver/Src/stm32f1xx_hal_cortex.o
                0x0000000008001bb2                HAL_NVIC_EnableIRQ
 .text.HAL_SYSTICK_Config
                0x0000000008001bce       0x18 ./Drivers/STM32F1xx_HAL_Driver/Src/stm32f1xx_hal_cortex.o
                0x0000000008001bce                HAL_SYSTICK_Config
 *fill*         0x0000000008001be6        0x2 
 .text.HAL_DMA_Init
                0x0000000008001be8       0xb4 ./Drivers/STM32F1xx_HAL_Driver/Src/stm32f1xx_hal_dma.o
                0x0000000008001be8                HAL_DMA_Init
 .text.HAL_DMA_Start_IT
                0x0000000008001c9c       0xc0 ./Drivers/STM32F1xx_HAL_Driver/Src/stm32f1xx_hal_dma.o
                0x0000000008001c9c                HAL_DMA_Start_IT
 .text.HAL_DMA_Abort
                0x0000000008001d5c       0x76 ./Drivers/STM32F1xx_HAL_Driver/Src/stm32f1xx_hal_dma.o
                0x0000000008001d5c                HAL_DMA_Abort
 *fill*         0x0000000008001dd2        0x2 
 .text.HAL_DMA_Abort_IT
                0x0000000008001dd4       0xf0 ./Drivers/STM32F1xx_HAL_Driver/Src/stm32f1xx_hal_dma.o
                0x0000000008001dd4                HAL_DMA_Abort_IT
 .text.HAL_DMA_IRQHandler
                0x0000000008001ec4      0x20c ./Drivers/STM32F1xx_HAL_Driver/Src/stm32f1xx_hal_dma.o
                0x0000000008001ec4                HAL_DMA_IRQHandler
 .text.DMA_SetConfig
                0x00000000080020d0       0x5a ./Drivers/STM32F1xx_HAL_Driver/Src/stm32f1xx_hal_dma.o
 *fill*         0x000000000800212a        0x2 
 .text.HAL_GPIO_Init
                0x000000000800212c      0x308 ./Drivers/STM32F1xx_HAL_Driver/Src/stm32f1xx_hal_gpio.o
                0x000000000800212c                HAL_GPIO_Init
 .text.HAL_GPIO_WritePin
                0x0000000008002434       0x30 ./Drivers/STM32F1xx_HAL_Driver/Src/stm32f1xx_hal_gpio.o
                0x0000000008002434                HAL_GPIO_WritePin
 .text.HAL_GPIO_TogglePin
                0x0000000008002464       0x32 ./Drivers/STM32F1xx_HAL_Driver/Src/stm32f1xx_hal_gpio.o
                0x0000000008002464                HAL_GPIO_TogglePin
 *fill*         0x0000000008002496        0x2 
 .text.HAL_RCC_OscConfig
                0x0000000008002498      0x504 ./Drivers/STM32F1xx_HAL_Driver/Src/stm32f1xx_hal_rcc.o
                0x0000000008002498                HAL_RCC_OscConfig
 .text.HAL_RCC_ClockConfig
                0x000000000800299c      0x1d4 ./Drivers/STM32F1xx_HAL_Driver/Src/stm32f1xx_hal_rcc.o
                0x000000000800299c                HAL_RCC_ClockConfig
 .text.HAL_RCC_GetSysClockFreq
                0x0000000008002b70       0xa8 ./Drivers/STM32F1xx_HAL_Driver/Src/stm32f1xx_hal_rcc.o
                0x0000000008002b70                HAL_RCC_GetSysClockFreq
 .text.HAL_RCC_GetHCLKFreq
                0x0000000008002c18       0x14 ./Drivers/STM32F1xx_HAL_Driver/Src/stm32f1xx_hal_rcc.o
                0x0000000008002c18                HAL_RCC_GetHCLKFreq
 .text.HAL_RCC_GetPCLK1Freq
                0x0000000008002c2c       0x28 ./Drivers/STM32F1xx_HAL_Driver/Src/stm32f1xx_hal_rcc.o
                0x0000000008002c2c                HAL_RCC_GetPCLK1Freq
 .text.HAL_RCC_GetPCLK2Freq
                0x0000000008002c54       0x28 ./Drivers/STM32F1xx_HAL_Driver/Src/stm32f1xx_hal_rcc.o
                0x0000000008002c54                HAL_RCC_GetPCLK2Freq
 .text.RCC_Delay
                0x0000000008002c7c       0x3c ./Drivers/STM32F1xx_HAL_Driver/Src/stm32f1xx_hal_rcc.o
 .text.HAL_TIM_Base_Init
                0x0000000008002cb8       0x9e ./Drivers/STM32F1xx_HAL_Driver/Src/stm32f1xx_hal_tim.o
                0x0000000008002cb8                HAL_TIM_Base_Init
 *fill*         0x0000000008002d56        0x2 
 .text.HAL_TIM_Base_Start_IT
                0x0000000008002d58       0xa4 ./Drivers/STM32F1xx_HAL_Driver/Src/stm32f1xx_hal_tim.o
                0x0000000008002d58                HAL_TIM_Base_Start_IT
 .text.HAL_TIM_IRQHandler
                0x0000000008002dfc      0x210 ./Drivers/STM32F1xx_HAL_Driver/Src/stm32f1xx_hal_tim.o
                0x0000000008002dfc                HAL_TIM_IRQHandler
 .text.HAL_TIM_ConfigClockSource
                0x000000000800300c      0x18e ./Drivers/STM32F1xx_HAL_Driver/Src/stm32f1xx_hal_tim.o
                0x000000000800300c                HAL_TIM_ConfigClockSource
 .text.HAL_TIM_OC_DelayElapsedCallback
                0x000000000800319a       0x12 ./Drivers/STM32F1xx_HAL_Driver/Src/stm32f1xx_hal_tim.o
                0x000000000800319a                HAL_TIM_OC_DelayElapsedCallback
 .text.HAL_TIM_IC_CaptureCallback
                0x00000000080031ac       0x12 ./Drivers/STM32F1xx_HAL_Driver/Src/stm32f1xx_hal_tim.o
                0x00000000080031ac                HAL_TIM_IC_CaptureCallback
 .text.HAL_TIM_PWM_PulseFinishedCallback
                0x00000000080031be       0x12 ./Drivers/STM32F1xx_HAL_Driver/Src/stm32f1xx_hal_tim.o
                0x00000000080031be                HAL_TIM_PWM_PulseFinishedCallback
 .text.HAL_TIM_TriggerCallback
                0x00000000080031d0       0x12 ./Drivers/STM32F1xx_HAL_Driver/Src/stm32f1xx_hal_tim.o
                0x00000000080031d0                HAL_TIM_TriggerCallback
 *fill*         0x00000000080031e2        0x2 
 .text.TIM_Base_SetConfig
                0x00000000080031e4       0xc4 ./Drivers/STM32F1xx_HAL_Driver/Src/stm32f1xx_hal_tim.o
                0x00000000080031e4                TIM_Base_SetConfig
 .text.TIM_TI1_ConfigInputStage
                0x00000000080032a8       0x5c ./Drivers/STM32F1xx_HAL_Driver/Src/stm32f1xx_hal_tim.o
 .text.TIM_TI2_ConfigInputStage
                0x0000000008003304       0x5e ./Drivers/STM32F1xx_HAL_Driver/Src/stm32f1xx_hal_tim.o
 .text.TIM_ITRx_SetConfig
                0x0000000008003362       0x34 ./Drivers/STM32F1xx_HAL_Driver/Src/stm32f1xx_hal_tim.o
 .text.TIM_ETR_SetConfig
                0x0000000008003396       0x3e ./Drivers/STM32F1xx_HAL_Driver/Src/stm32f1xx_hal_tim.o
                0x0000000008003396                TIM_ETR_SetConfig
 .text.HAL_TIMEx_MasterConfigSynchronization
                0x00000000080033d4       0xbc ./Drivers/STM32F1xx_HAL_Driver/Src/stm32f1xx_hal_tim_ex.o
                0x00000000080033d4                HAL_TIMEx_MasterConfigSynchronization
 .text.HAL_TIMEx_CommutCallback
                0x0000000008003490       0x12 ./Drivers/STM32F1xx_HAL_Driver/Src/stm32f1xx_hal_tim_ex.o
                0x0000000008003490                HAL_TIMEx_CommutCallback
 .text.HAL_TIMEx_BreakCallback
                0x00000000080034a2       0x12 ./Drivers/STM32F1xx_HAL_Driver/Src/stm32f1xx_hal_tim_ex.o
                0x00000000080034a2                HAL_TIMEx_BreakCallback
 .text.HAL_UART_Init
                0x00000000080034b4       0xa0 ./Drivers/STM32F1xx_HAL_Driver/Src/stm32f1xx_hal_uart.o
                0x00000000080034b4                HAL_UART_Init
 .text.HAL_UART_Transmit
                0x0000000008003554      0x106 ./Drivers/STM32F1xx_HAL_Driver/Src/stm32f1xx_hal_uart.o
                0x0000000008003554                HAL_UART_Transmit
 .text.HAL_UART_Receive_IT
                0x000000000800365a       0x4a ./Drivers/STM32F1xx_HAL_Driver/Src/stm32f1xx_hal_uart.o
                0x000000000800365a                HAL_UART_Receive_IT
 .text.HAL_UART_Receive_DMA
                0x00000000080036a4       0x4a ./Drivers/STM32F1xx_HAL_Driver/Src/stm32f1xx_hal_uart.o
                0x00000000080036a4                HAL_UART_Receive_DMA
 *fill*         0x00000000080036ee        0x2 
 .text.HAL_UART_IRQHandler
                0x00000000080036f0      0x524 ./Drivers/STM32F1xx_HAL_Driver/Src/stm32f1xx_hal_uart.o
                0x00000000080036f0                HAL_UART_IRQHandler
 .text.HAL_UART_TxCpltCallback
                0x0000000008003c14       0x12 ./Drivers/STM32F1xx_HAL_Driver/Src/stm32f1xx_hal_uart.o
                0x0000000008003c14                HAL_UART_TxCpltCallback
 .text.HAL_UART_RxHalfCpltCallback
                0x0000000008003c26       0x12 ./Drivers/STM32F1xx_HAL_Driver/Src/stm32f1xx_hal_uart.o
                0x0000000008003c26                HAL_UART_RxHalfCpltCallback
 .text.HAL_UART_ErrorCallback
                0x0000000008003c38       0x12 ./Drivers/STM32F1xx_HAL_Driver/Src/stm32f1xx_hal_uart.o
                0x0000000008003c38                HAL_UART_ErrorCallback
 .text.HAL_UARTEx_RxEventCallback
                0x0000000008003c4a       0x16 ./Drivers/STM32F1xx_HAL_Driver/Src/stm32f1xx_hal_uart.o
                0x0000000008003c4a                HAL_UARTEx_RxEventCallback
 .text.UART_DMAReceiveCplt
                0x0000000008003c60      0x12c ./Drivers/STM32F1xx_HAL_Driver/Src/stm32f1xx_hal_uart.o
 .text.UART_DMARxHalfCplt
                0x0000000008003d8c       0x3c ./Drivers/STM32F1xx_HAL_Driver/Src/stm32f1xx_hal_uart.o
 .text.UART_DMAError
                0x0000000008003dc8       0x94 ./Drivers/STM32F1xx_HAL_Driver/Src/stm32f1xx_hal_uart.o
 .text.UART_WaitOnFlagUntilTimeout
                0x0000000008003e5c       0xdc ./Drivers/STM32F1xx_HAL_Driver/Src/stm32f1xx_hal_uart.o
 .text.UART_Start_Receive_IT
                0x0000000008003f38       0x72 ./Drivers/STM32F1xx_HAL_Driver/Src/stm32f1xx_hal_uart.o
                0x0000000008003f38                UART_Start_Receive_IT
 *fill*         0x0000000008003faa        0x2 
 .text.UART_Start_Receive_DMA
                0x0000000008003fac      0x134 ./Drivers/STM32F1xx_HAL_Driver/Src/stm32f1xx_hal_uart.o
                0x0000000008003fac                UART_Start_Receive_DMA
 .text.UART_EndTxTransfer
                0x00000000080040e0       0x4e ./Drivers/STM32F1xx_HAL_Driver/Src/stm32f1xx_hal_uart.o
 .text.UART_EndRxTransfer
                0x000000000800412e       0xc4 ./Drivers/STM32F1xx_HAL_Driver/Src/stm32f1xx_hal_uart.o
 .text.UART_DMAAbortOnError
                0x00000000080041f2       0x28 ./Drivers/STM32F1xx_HAL_Driver/Src/stm32f1xx_hal_uart.o
 .text.UART_Transmit_IT
                0x000000000800421a       0x9e ./Drivers/STM32F1xx_HAL_Driver/Src/stm32f1xx_hal_uart.o
 .text.UART_EndTransmit_IT
                0x00000000080042b8       0x30 ./Drivers/STM32F1xx_HAL_Driver/Src/stm32f1xx_hal_uart.o
 .text.UART_Receive_IT
                0x00000000080042e8      0x17c ./Drivers/STM32F1xx_HAL_Driver/Src/stm32f1xx_hal_uart.o
 .text.UART_SetConfig
                0x0000000008004464      0x11c ./Drivers/STM32F1xx_HAL_Driver/Src/stm32f1xx_hal_uart.o
 .text.sprintf  0x0000000008004580       0x40 D:/Program files/STM32/STM32CubeIDE_1.11.0/STM32CubeIDE/plugins/com.st.stm32cube.ide.mcu.externaltools.gnu-tools-for-stm32.11.3.rel1.win32_1.1.1.202309131626/tools/bin/../lib/gcc/arm-none-eabi/11.3.1/../../../../arm-none-eabi/lib/thumb/v7-m/nofp\libc_nano.a(libc_a-sprintf.o)
                0x0000000008004580                siprintf
                0x0000000008004580                sprintf
 .text.memset   0x00000000080045c0       0x10 D:/Program files/STM32/STM32CubeIDE_1.11.0/STM32CubeIDE/plugins/com.st.stm32cube.ide.mcu.externaltools.gnu-tools-for-stm32.11.3.rel1.win32_1.1.1.202309131626/tools/bin/../lib/gcc/arm-none-eabi/11.3.1/../../../../arm-none-eabi/lib/thumb/v7-m/nofp\libc_nano.a(libc_a-memset.o)
                0x00000000080045c0                memset
 .text.__errno  0x00000000080045d0        0xc D:/Program files/STM32/STM32CubeIDE_1.11.0/STM32CubeIDE/plugins/com.st.stm32cube.ide.mcu.externaltools.gnu-tools-for-stm32.11.3.rel1.win32_1.1.1.202309131626/tools/bin/../lib/gcc/arm-none-eabi/11.3.1/../../../../arm-none-eabi/lib/thumb/v7-m/nofp\libc_nano.a(libc_a-errno.o)
                0x00000000080045d0                __errno
 .text.__libc_init_array
                0x00000000080045dc       0x48 D:/Program files/STM32/STM32CubeIDE_1.11.0/STM32CubeIDE/plugins/com.st.stm32cube.ide.mcu.externaltools.gnu-tools-for-stm32.11.3.rel1.win32_1.1.1.202309131626/tools/bin/../lib/gcc/arm-none-eabi/11.3.1/../../../../arm-none-eabi/lib/thumb/v7-m/nofp\libc_nano.a(libc_a-init.o)
                0x00000000080045dc                __libc_init_array
 .text.__retarget_lock_acquire_recursive
                0x0000000008004624        0x2 D:/Program files/STM32/STM32CubeIDE_1.11.0/STM32CubeIDE/plugins/com.st.stm32cube.ide.mcu.externaltools.gnu-tools-for-stm32.11.3.rel1.win32_1.1.1.202309131626/tools/bin/../lib/gcc/arm-none-eabi/11.3.1/../../../../arm-none-eabi/lib/thumb/v7-m/nofp\libc_nano.a(libc_a-lock.o)
                0x0000000008004624                __retarget_lock_acquire_recursive
 .text.__retarget_lock_release_recursive
                0x0000000008004626        0x2 D:/Program files/STM32/STM32CubeIDE_1.11.0/STM32CubeIDE/plugins/com.st.stm32cube.ide.mcu.externaltools.gnu-tools-for-stm32.11.3.rel1.win32_1.1.1.202309131626/tools/bin/../lib/gcc/arm-none-eabi/11.3.1/../../../../arm-none-eabi/lib/thumb/v7-m/nofp\libc_nano.a(libc_a-lock.o)
                0x0000000008004626                __retarget_lock_release_recursive
 .text._free_r  0x0000000008004628       0x90 D:/Program files/STM32/STM32CubeIDE_1.11.0/STM32CubeIDE/plugins/com.st.stm32cube.ide.mcu.externaltools.gnu-tools-for-stm32.11.3.rel1.win32_1.1.1.202309131626/tools/bin/../lib/gcc/arm-none-eabi/11.3.1/../../../../arm-none-eabi/lib/thumb/v7-m/nofp\libc_nano.a(libc_a-freer.o)
                0x0000000008004628                _free_r
 .text.sbrk_aligned
                0x00000000080046b8       0x40 D:/Program files/STM32/STM32CubeIDE_1.11.0/STM32CubeIDE/plugins/com.st.stm32cube.ide.mcu.externaltools.gnu-tools-for-stm32.11.3.rel1.win32_1.1.1.202309131626/tools/bin/../lib/gcc/arm-none-eabi/11.3.1/../../../../arm-none-eabi/lib/thumb/v7-m/nofp\libc_nano.a(libc_a-mallocr.o)
 .text._malloc_r
                0x00000000080046f8      0x100 D:/Program files/STM32/STM32CubeIDE_1.11.0/STM32CubeIDE/plugins/com.st.stm32cube.ide.mcu.externaltools.gnu-tools-for-stm32.11.3.rel1.win32_1.1.1.202309131626/tools/bin/../lib/gcc/arm-none-eabi/11.3.1/../../../../arm-none-eabi/lib/thumb/v7-m/nofp\libc_nano.a(libc_a-mallocr.o)
                0x00000000080046f8                _malloc_r
 .text.__malloc_lock
                0x00000000080047f8        0xc D:/Program files/STM32/STM32CubeIDE_1.11.0/STM32CubeIDE/plugins/com.st.stm32cube.ide.mcu.externaltools.gnu-tools-for-stm32.11.3.rel1.win32_1.1.1.202309131626/tools/bin/../lib/gcc/arm-none-eabi/11.3.1/../../../../arm-none-eabi/lib/thumb/v7-m/nofp\libc_nano.a(libc_a-mlock.o)
                0x00000000080047f8                __malloc_lock
 .text.__malloc_unlock
                0x0000000008004804        0xc D:/Program files/STM32/STM32CubeIDE_1.11.0/STM32CubeIDE/plugins/com.st.stm32cube.ide.mcu.externaltools.gnu-tools-for-stm32.11.3.rel1.win32_1.1.1.202309131626/tools/bin/../lib/gcc/arm-none-eabi/11.3.1/../../../../arm-none-eabi/lib/thumb/v7-m/nofp\libc_nano.a(libc_a-mlock.o)
                0x0000000008004804                __malloc_unlock
 .text.__ssputs_r
                0x0000000008004810       0xb4 D:/Program files/STM32/STM32CubeIDE_1.11.0/STM32CubeIDE/plugins/com.st.stm32cube.ide.mcu.externaltools.gnu-tools-for-stm32.11.3.rel1.win32_1.1.1.202309131626/tools/bin/../lib/gcc/arm-none-eabi/11.3.1/../../../../arm-none-eabi/lib/thumb/v7-m/nofp\libc_nano.a(libc_a-nano-svfprintf.o)
                0x0000000008004810                __ssputs_r
 .text._svfprintf_r
                0x00000000080048c4      0x1fc D:/Program files/STM32/STM32CubeIDE_1.11.0/STM32CubeIDE/plugins/com.st.stm32cube.ide.mcu.externaltools.gnu-tools-for-stm32.11.3.rel1.win32_1.1.1.202309131626/tools/bin/../lib/gcc/arm-none-eabi/11.3.1/../../../../arm-none-eabi/lib/thumb/v7-m/nofp\libc_nano.a(libc_a-nano-svfprintf.o)
                0x00000000080048c4                _svfiprintf_r
                0x00000000080048c4                _svfprintf_r
 .text._printf_common
                0x0000000008004ac0       0xe4 D:/Program files/STM32/STM32CubeIDE_1.11.0/STM32CubeIDE/plugins/com.st.stm32cube.ide.mcu.externaltools.gnu-tools-for-stm32.11.3.rel1.win32_1.1.1.202309131626/tools/bin/../lib/gcc/arm-none-eabi/11.3.1/../../../../arm-none-eabi/lib/thumb/v7-m/nofp\libc_nano.a(libc_a-nano-vfprintf_i.o)
                0x0000000008004ac0                _printf_common
 .text._printf_i
                0x0000000008004ba4      0x244 D:/Program files/STM32/STM32CubeIDE_1.11.0/STM32CubeIDE/plugins/com.st.stm32cube.ide.mcu.externaltools.gnu-tools-for-stm32.11.3.rel1.win32_1.1.1.202309131626/tools/bin/../lib/gcc/arm-none-eabi/11.3.1/../../../../arm-none-eabi/lib/thumb/v7-m/nofp\libc_nano.a(libc_a-nano-vfprintf_i.o)
                0x0000000008004ba4                _printf_i
 .text.memmove  0x0000000008004de8       0x34 D:/Program files/STM32/STM32CubeIDE_1.11.0/STM32CubeIDE/plugins/com.st.stm32cube.ide.mcu.externaltools.gnu-tools-for-stm32.11.3.rel1.win32_1.1.1.202309131626/tools/bin/../lib/gcc/arm-none-eabi/11.3.1/../../../../arm-none-eabi/lib/thumb/v7-m/nofp\libc_nano.a(libc_a-memmove.o)
                0x0000000008004de8                memmove
 .text._sbrk_r  0x0000000008004e1c       0x20 D:/Program files/STM32/STM32CubeIDE_1.11.0/STM32CubeIDE/plugins/com.st.stm32cube.ide.mcu.externaltools.gnu-tools-for-stm32.11.3.rel1.win32_1.1.1.202309131626/tools/bin/../lib/gcc/arm-none-eabi/11.3.1/../../../../arm-none-eabi/lib/thumb/v7-m/nofp\libc_nano.a(libc_a-sbrkr.o)
                0x0000000008004e1c                _sbrk_r
 .text.memchr   0x0000000008004e3c       0x1c D:/Program files/STM32/STM32CubeIDE_1.11.0/STM32CubeIDE/plugins/com.st.stm32cube.ide.mcu.externaltools.gnu-tools-for-stm32.11.3.rel1.win32_1.1.1.202309131626/tools/bin/../lib/gcc/arm-none-eabi/11.3.1/../../../../arm-none-eabi/lib/thumb/v7-m/nofp\libc_nano.a(libc_a-memchr-stub.o)
                0x0000000008004e3c                memchr
 .text.memcpy   0x0000000008004e58       0x1c D:/Program files/STM32/STM32CubeIDE_1.11.0/STM32CubeIDE/plugins/com.st.stm32cube.ide.mcu.externaltools.gnu-tools-for-stm32.11.3.rel1.win32_1.1.1.202309131626/tools/bin/../lib/gcc/arm-none-eabi/11.3.1/../../../../arm-none-eabi/lib/thumb/v7-m/nofp\libc_nano.a(libc_a-memcpy-stub.o)
                0x0000000008004e58                memcpy
 .text._realloc_r
                0x0000000008004e74       0x5e D:/Program files/STM32/STM32CubeIDE_1.11.0/STM32CubeIDE/plugins/com.st.stm32cube.ide.mcu.externaltools.gnu-tools-for-stm32.11.3.rel1.win32_1.1.1.202309131626/tools/bin/../lib/gcc/arm-none-eabi/11.3.1/../../../../arm-none-eabi/lib/thumb/v7-m/nofp\libc_nano.a(libc_a-reallocr.o)
                0x0000000008004e74                _realloc_r
 .text._malloc_usable_size_r
                0x0000000008004ed2       0x10 D:/Program files/STM32/STM32CubeIDE_1.11.0/STM32CubeIDE/plugins/com.st.stm32cube.ide.mcu.externaltools.gnu-tools-for-stm32.11.3.rel1.win32_1.1.1.202309131626/tools/bin/../lib/gcc/arm-none-eabi/11.3.1/../../../../arm-none-eabi/lib/thumb/v7-m/nofp\libc_nano.a(libc_a-msizer.o)
                0x0000000008004ed2                _malloc_usable_size_r
 *(.glue_7)
 .glue_7        0x0000000008004ee2        0x0 linker stubs
 *(.glue_7t)
 .glue_7t       0x0000000008004ee2        0x0 linker stubs
 *(.eh_frame)
 *fill*         0x0000000008004ee2        0x2 
 .eh_frame      0x0000000008004ee4        0x0 D:/Program files/STM32/STM32CubeIDE_1.11.0/STM32CubeIDE/plugins/com.st.stm32cube.ide.mcu.externaltools.gnu-tools-for-stm32.11.3.rel1.win32_1.1.1.202309131626/tools/bin/../lib/gcc/arm-none-eabi/11.3.1/thumb/v7-m/nofp/crtbegin.o
 *(.init)
 .init          0x0000000008004ee4        0x4 D:/Program files/STM32/STM32CubeIDE_1.11.0/STM32CubeIDE/plugins/com.st.stm32cube.ide.mcu.externaltools.gnu-tools-for-stm32.11.3.rel1.win32_1.1.1.202309131626/tools/bin/../lib/gcc/arm-none-eabi/11.3.1/thumb/v7-m/nofp/crti.o
                0x0000000008004ee4                _init
 .init          0x0000000008004ee8        0x8 D:/Program files/STM32/STM32CubeIDE_1.11.0/STM32CubeIDE/plugins/com.st.stm32cube.ide.mcu.externaltools.gnu-tools-for-stm32.11.3.rel1.win32_1.1.1.202309131626/tools/bin/../lib/gcc/arm-none-eabi/11.3.1/thumb/v7-m/nofp/crtn.o
 *(.fini)
 .fini          0x0000000008004ef0        0x4 D:/Program files/STM32/STM32CubeIDE_1.11.0/STM32CubeIDE/plugins/com.st.stm32cube.ide.mcu.externaltools.gnu-tools-for-stm32.11.3.rel1.win32_1.1.1.202309131626/tools/bin/../lib/gcc/arm-none-eabi/11.3.1/thumb/v7-m/nofp/crti.o
                0x0000000008004ef0                _fini
 .fini          0x0000000008004ef4        0x8 D:/Program files/STM32/STM32CubeIDE_1.11.0/STM32CubeIDE/plugins/com.st.stm32cube.ide.mcu.externaltools.gnu-tools-for-stm32.11.3.rel1.win32_1.1.1.202309131626/tools/bin/../lib/gcc/arm-none-eabi/11.3.1/thumb/v7-m/nofp/crtn.o
                0x0000000008004efc                . = ALIGN (0x4)
                0x0000000008004efc                _etext = .

.vfp11_veneer   0x0000000008004efc        0x0
 .vfp11_veneer  0x0000000008004efc        0x0 linker stubs

.v4_bx          0x0000000008004efc        0x0
 .v4_bx         0x0000000008004efc        0x0 linker stubs

.iplt           0x0000000008004efc        0x0
 .iplt          0x0000000008004efc        0x0 D:/Program files/STM32/STM32CubeIDE_1.11.0/STM32CubeIDE/plugins/com.st.stm32cube.ide.mcu.externaltools.gnu-tools-for-stm32.11.3.rel1.win32_1.1.1.202309131626/tools/bin/../lib/gcc/arm-none-eabi/11.3.1/thumb/v7-m/nofp/crtbegin.o

.rodata         0x0000000008004efc       0xac
                0x0000000008004efc                . = ALIGN (0x4)
 *(.rodata)
 .rodata        0x0000000008004efc       0x4b ./Core/Src/SIM800.o
 *(.rodata*)
 *fill*         0x0000000008004f47        0x1 
 .rodata.AHBPrescTable
                0x0000000008004f48       0x10 ./Core/Src/system_stm32f1xx.o
                0x0000000008004f48                AHBPrescTable
 .rodata.APBPrescTable
                0x0000000008004f58        0x8 ./Core/Src/system_stm32f1xx.o
                0x0000000008004f58                APBPrescTable
 .rodata.aPLLMULFactorTable.1
                0x0000000008004f60       0x10 ./Drivers/STM32F1xx_HAL_Driver/Src/stm32f1xx_hal_rcc.o
 .rodata.aPredivFactorTable.0
                0x0000000008004f70        0x2 ./Drivers/STM32F1xx_HAL_Driver/Src/stm32f1xx_hal_rcc.o
 .rodata._svfprintf_r.str1.1
                0x0000000008004f72       0x11 D:/Program files/STM32/STM32CubeIDE_1.11.0/STM32CubeIDE/plugins/com.st.stm32cube.ide.mcu.externaltools.gnu-tools-for-stm32.11.3.rel1.win32_1.1.1.202309131626/tools/bin/../lib/gcc/arm-none-eabi/11.3.1/../../../../arm-none-eabi/lib/thumb/v7-m/nofp\libc_nano.a(libc_a-nano-svfprintf.o)
 .rodata._printf_i.str1.1
                0x0000000008004f83       0x22 D:/Program files/STM32/STM32CubeIDE_1.11.0/STM32CubeIDE/plugins/com.st.stm32cube.ide.mcu.externaltools.gnu-tools-for-stm32.11.3.rel1.win32_1.1.1.202309131626/tools/bin/../lib/gcc/arm-none-eabi/11.3.1/../../../../arm-none-eabi/lib/thumb/v7-m/nofp\libc_nano.a(libc_a-nano-vfprintf_i.o)
                0x0000000008004fa8                . = ALIGN (0x4)
 *fill*         0x0000000008004fa5        0x3 

.rel.dyn        0x0000000008004fa8        0x0
 .rel.iplt      0x0000000008004fa8        0x0 D:/Program files/STM32/STM32CubeIDE_1.11.0/STM32CubeIDE/plugins/com.st.stm32cube.ide.mcu.externaltools.gnu-tools-for-stm32.11.3.rel1.win32_1.1.1.202309131626/tools/bin/../lib/gcc/arm-none-eabi/11.3.1/thumb/v7-m/nofp/crtbegin.o

.ARM.extab      0x0000000008004fa8        0x0
                0x0000000008004fa8                . = ALIGN (0x4)
 *(.ARM.extab* .gnu.linkonce.armextab.*)
                0x0000000008004fa8                . = ALIGN (0x4)

.ARM            0x0000000008004fa8        0x0
                0x0000000008004fa8                . = ALIGN (0x4)
                0x0000000008004fa8                __exidx_start = .
 *(.ARM.exidx*)
                0x0000000008004fa8                __exidx_end = .
                0x0000000008004fa8                . = ALIGN (0x4)

.preinit_array  0x0000000008004fa8        0x0
                0x0000000008004fa8                . = ALIGN (0x4)
                0x0000000008004fa8                PROVIDE (__preinit_array_start = .)
 *(.preinit_array*)
                0x0000000008004fa8                PROVIDE (__preinit_array_end = .)
                0x0000000008004fa8                . = ALIGN (0x4)

.init_array     0x0000000008004fa8        0x4
                0x0000000008004fa8                . = ALIGN (0x4)
                0x0000000008004fa8                PROVIDE (__init_array_start = .)
 *(SORT_BY_NAME(.init_array.*))
 *(.init_array*)
 .init_array    0x0000000008004fa8        0x4 D:/Program files/STM32/STM32CubeIDE_1.11.0/STM32CubeIDE/plugins/com.st.stm32cube.ide.mcu.externaltools.gnu-tools-for-stm32.11.3.rel1.win32_1.1.1.202309131626/tools/bin/../lib/gcc/arm-none-eabi/11.3.1/thumb/v7-m/nofp/crtbegin.o
                0x0000000008004fac                PROVIDE (__init_array_end = .)
                0x0000000008004fac                . = ALIGN (0x4)

.fini_array     0x0000000008004fac        0x4
                0x0000000008004fac                . = ALIGN (0x4)
                [!provide]                        PROVIDE (__fini_array_start = .)
 *(SORT_BY_NAME(.fini_array.*))
 *(.fini_array*)
 .fini_array    0x0000000008004fac        0x4 D:/Program files/STM32/STM32CubeIDE_1.11.0/STM32CubeIDE/plugins/com.st.stm32cube.ide.mcu.externaltools.gnu-tools-for-stm32.11.3.rel1.win32_1.1.1.202309131626/tools/bin/../lib/gcc/arm-none-eabi/11.3.1/thumb/v7-m/nofp/crtbegin.o
                [!provide]                        PROVIDE (__fini_array_end = .)
                0x0000000008004fb0                . = ALIGN (0x4)
                0x0000000008004fb0                _sidata = LOADADDR (.data)

.data           0x0000000020000000      0x14c load address 0x0000000008004fb0
                0x0000000020000000                . = ALIGN (0x4)
                0x0000000020000000                _sdata = .
 *(.data)
 *(.data*)
 .data.Command1
                0x0000000020000000        0x5 ./Core/Src/SIM800.o
                0x0000000020000000                Command1
 *fill*         0x0000000020000005        0x3 
 .data.Command2
                0x0000000020000008        0xb ./Core/Src/SIM800.o
                0x0000000020000008                Command2
 *fill*         0x0000000020000013        0x1 
 .data.Command3
                0x0000000020000014        0xb ./Core/Src/SIM800.o
                0x0000000020000014                Command3
 *fill*         0x000000002000001f        0x1 
 .data.Command4
                0x0000000020000020        0xc ./Core/Src/SIM800.o
                0x0000000020000020                Command4
 .data.Command5
                0x000000002000002c        0xd ./Core/Src/SIM800.o
                0x000000002000002c                Command5
 *fill*         0x0000000020000039        0x3 
 .data.Command6
                0x000000002000003c        0xf ./Core/Src/SIM800.o
                0x000000002000003c                Command6
 *fill*         0x000000002000004b        0x1 
 .data.Command7
                0x000000002000004c        0xe ./Core/Src/SIM800.o
                0x000000002000004c                Command7
 *fill*         0x000000002000005a        0x2 
 .data.Command8
                0x000000002000005c       0x15 ./Core/Src/SIM800.o
                0x000000002000005c                Command8
 *fill*         0x0000000020000071        0x3 
 .data.Command9
                0x0000000020000074        0xb ./Core/Src/SIM800.o
                0x0000000020000074                Command9
 *fill*         0x000000002000007f        0x1 
 .data.Command10
                0x0000000020000080        0xb ./Core/Src/SIM800.o
                0x0000000020000080                Command10
 *fill*         0x000000002000008b        0x1 
 .data.Command11
                0x000000002000008c        0xf ./Core/Src/SIM800.o
                0x000000002000008c                Command11
 *fill*         0x000000002000009b        0x1 
 .data.Command12
                0x000000002000009c       0x2e ./Core/Src/SIM800.o
                0x000000002000009c                Command12
 *fill*         0x00000000200000ca        0x2 
 .data.Command13
                0x00000000200000cc        0xd ./Core/Src/SIM800.o
                0x00000000200000cc                Command13
 *fill*         0x00000000200000d9        0x3 
 .data.Command15
                0x00000000200000dc        0x4 ./Core/Src/SIM800.o
                0x00000000200000dc                Command15
 .data.Command16
                0x00000000200000e0        0xd ./Core/Src/SIM800.o
                0x00000000200000e0                Command16
 *fill*         0x00000000200000ed        0x3 
 .data.SystemCoreClock
                0x00000000200000f0        0x4 ./Core/Src/system_stm32f1xx.o
                0x00000000200000f0                SystemCoreClock
 .data.uwTickPrio
                0x00000000200000f4        0x4 ./Drivers/STM32F1xx_HAL_Driver/Src/stm32f1xx_hal.o
                0x00000000200000f4                uwTickPrio
 .data.uwTickFreq
                0x00000000200000f8        0x1 ./Drivers/STM32F1xx_HAL_Driver/Src/stm32f1xx_hal.o
                0x00000000200000f8                uwTickFreq
 *fill*         0x00000000200000f9        0x3 
 .data._impure_data
                0x00000000200000fc       0x4c D:/Program files/STM32/STM32CubeIDE_1.11.0/STM32CubeIDE/plugins/com.st.stm32cube.ide.mcu.externaltools.gnu-tools-for-stm32.11.3.rel1.win32_1.1.1.202309131626/tools/bin/../lib/gcc/arm-none-eabi/11.3.1/../../../../arm-none-eabi/lib/thumb/v7-m/nofp\libc_nano.a(libc_a-impure.o)
                0x00000000200000fc                _impure_data
 .data._impure_ptr
                0x0000000020000148        0x4 D:/Program files/STM32/STM32CubeIDE_1.11.0/STM32CubeIDE/plugins/com.st.stm32cube.ide.mcu.externaltools.gnu-tools-for-stm32.11.3.rel1.win32_1.1.1.202309131626/tools/bin/../lib/gcc/arm-none-eabi/11.3.1/../../../../arm-none-eabi/lib/thumb/v7-m/nofp\libc_nano.a(libc_a-impure.o)
                0x0000000020000148                _impure_ptr
 *(.RamFunc)
 *(.RamFunc*)
                0x000000002000014c                . = ALIGN (0x4)
                0x000000002000014c                _edata = .

.igot.plt       0x000000002000014c        0x0 load address 0x00000000080050fc
 .igot.plt      0x000000002000014c        0x0 D:/Program files/STM32/STM32CubeIDE_1.11.0/STM32CubeIDE/plugins/com.st.stm32cube.ide.mcu.externaltools.gnu-tools-for-stm32.11.3.rel1.win32_1.1.1.202309131626/tools/bin/../lib/gcc/arm-none-eabi/11.3.1/thumb/v7-m/nofp/crtbegin.o
                0x000000002000014c                . = ALIGN (0x4)

.bss            0x000000002000014c      0x5dc load address 0x00000000080050fc
                0x000000002000014c                _sbss = .
                0x000000002000014c                __bss_start__ = _sbss
 *(.bss)
 .bss           0x000000002000014c       0x1c D:/Program files/STM32/STM32CubeIDE_1.11.0/STM32CubeIDE/plugins/com.st.stm32cube.ide.mcu.externaltools.gnu-tools-for-stm32.11.3.rel1.win32_1.1.1.202309131626/tools/bin/../lib/gcc/arm-none-eabi/11.3.1/thumb/v7-m/nofp/crtbegin.o
 *(.bss*)
 .bss.GPRMC_Data
                0x0000000020000168       0x64 ./Core/Src/GPS.o
                0x0000000020000168                GPRMC_Data
 .bss.GPGGA_Data
                0x00000000200001cc       0x64 ./Core/Src/GPS.o
                0x00000000200001cc                GPGGA_Data
 .bss.GPS_Connection_Stat
                0x0000000020000230        0x1 ./Core/Src/GPS.o
                0x0000000020000230                GPS_Connection_Stat
 *fill*         0x0000000020000231        0x3 
 .bss.Time      0x0000000020000234       0x10 ./Core/Src/GPS.o
                0x0000000020000234                Time
 .bss.Strting_point
                0x0000000020000244        0x2 ./Core/Src/GPS.o
                0x0000000020000244                Strting_point
 *fill*         0x0000000020000246        0x2 
 .bss.htim1     0x0000000020000248       0x48 ./Core/Src/main.o
                0x0000000020000248                htim1
 .bss.huart1    0x0000000020000290       0x48 ./Core/Src/main.o
                0x0000000020000290                huart1
 .bss.huart2    0x00000000200002d8       0x48 ./Core/Src/main.o
                0x00000000200002d8                huart2
 .bss.hdma_usart2_rx
                0x0000000020000320       0x44 ./Core/Src/main.o
                0x0000000020000320                hdma_usart2_rx
 .bss.RxBuffer  0x0000000020000364       0x19 ./Core/Src/main.o
                0x0000000020000364                RxBuffer
 *fill*         0x000000002000037d        0x3 
 .bss.Data      0x0000000020000380       0x64 ./Core/Src/main.o
                0x0000000020000380                Data
 .bss.Buffer    0x00000000200003e4      0x1f4 ./Core/Src/main.o
                0x00000000200003e4                Buffer
 .bss.__sbrk_heap_end
                0x00000000200005d8        0x4 ./Core/Src/sysmem.o
 .bss.uwTick    0x00000000200005dc        0x4 ./Drivers/STM32F1xx_HAL_Driver/Src/stm32f1xx_hal.o
                0x00000000200005dc                uwTick
 .bss.__sf      0x00000000200005e0      0x138 D:/Program files/STM32/STM32CubeIDE_1.11.0/STM32CubeIDE/plugins/com.st.stm32cube.ide.mcu.externaltools.gnu-tools-for-stm32.11.3.rel1.win32_1.1.1.202309131626/tools/bin/../lib/gcc/arm-none-eabi/11.3.1/../../../../arm-none-eabi/lib/thumb/v7-m/nofp\libc_nano.a(libc_a-findfp.o)
                0x00000000200005e0                __sf
 .bss.errno     0x0000000020000718        0x4 D:/Program files/STM32/STM32CubeIDE_1.11.0/STM32CubeIDE/plugins/com.st.stm32cube.ide.mcu.externaltools.gnu-tools-for-stm32.11.3.rel1.win32_1.1.1.202309131626/tools/bin/../lib/gcc/arm-none-eabi/11.3.1/../../../../arm-none-eabi/lib/thumb/v7-m/nofp\libc_nano.a(libc_a-reent.o)
                0x0000000020000718                errno
 .bss.__lock___malloc_recursive_mutex
                0x000000002000071c        0x1 D:/Program files/STM32/STM32CubeIDE_1.11.0/STM32CubeIDE/plugins/com.st.stm32cube.ide.mcu.externaltools.gnu-tools-for-stm32.11.3.rel1.win32_1.1.1.202309131626/tools/bin/../lib/gcc/arm-none-eabi/11.3.1/../../../../arm-none-eabi/lib/thumb/v7-m/nofp\libc_nano.a(libc_a-lock.o)
                0x000000002000071c                __lock___malloc_recursive_mutex
 *fill*         0x000000002000071d        0x3 
 .bss.__malloc_free_list
                0x0000000020000720        0x4 D:/Program files/STM32/STM32CubeIDE_1.11.0/STM32CubeIDE/plugins/com.st.stm32cube.ide.mcu.externaltools.gnu-tools-for-stm32.11.3.rel1.win32_1.1.1.202309131626/tools/bin/../lib/gcc/arm-none-eabi/11.3.1/../../../../arm-none-eabi/lib/thumb/v7-m/nofp\libc_nano.a(libc_a-mallocr.o)
                0x0000000020000720                __malloc_free_list
 .bss.__malloc_sbrk_start
                0x0000000020000724        0x4 D:/Program files/STM32/STM32CubeIDE_1.11.0/STM32CubeIDE/plugins/com.st.stm32cube.ide.mcu.externaltools.gnu-tools-for-stm32.11.3.rel1.win32_1.1.1.202309131626/tools/bin/../lib/gcc/arm-none-eabi/11.3.1/../../../../arm-none-eabi/lib/thumb/v7-m/nofp\libc_nano.a(libc_a-mallocr.o)
                0x0000000020000724                __malloc_sbrk_start
 *(COMMON)
                0x0000000020000728                . = ALIGN (0x4)
                0x0000000020000728                _ebss = .
                0x0000000020000728                __bss_end__ = _ebss

._user_heap_stack
                0x0000000020000728      0x600 load address 0x00000000080050fc
                0x0000000020000728                . = ALIGN (0x8)
                [!provide]                        PROVIDE (end = .)
                0x0000000020000728                PROVIDE (_end = .)
                0x0000000020000928                . = (. + _Min_Heap_Size)
 *fill*         0x0000000020000728      0x200 
                0x0000000020000d28                . = (. + _Min_Stack_Size)
 *fill*         0x0000000020000928      0x400 
                0x0000000020000d28                . = ALIGN (0x8)

/DISCARD/
 libc.a(*)
 libm.a(*)
 libgcc.a(*)

.ARM.attributes
                0x0000000000000000       0x29
 *(.ARM.attributes)
 .ARM.attributes
                0x0000000000000000       0x1d D:/Program files/STM32/STM32CubeIDE_1.11.0/STM32CubeIDE/plugins/com.st.stm32cube.ide.mcu.externaltools.gnu-tools-for-stm32.11.3.rel1.win32_1.1.1.202309131626/tools/bin/../lib/gcc/arm-none-eabi/11.3.1/thumb/v7-m/nofp/crti.o
 .ARM.attributes
                0x000000000000001d       0x2d D:/Program files/STM32/STM32CubeIDE_1.11.0/STM32CubeIDE/plugins/com.st.stm32cube.ide.mcu.externaltools.gnu-tools-for-stm32.11.3.rel1.win32_1.1.1.202309131626/tools/bin/../lib/gcc/arm-none-eabi/11.3.1/thumb/v7-m/nofp/crtbegin.o
 .ARM.attributes
                0x000000000000004a       0x2d ./Core/Src/GPS.o
 .ARM.attributes
                0x0000000000000077       0x2d ./Core/Src/SIM800.o
 .ARM.attributes
                0x00000000000000a4       0x2d ./Core/Src/main.o
 .ARM.attributes
                0x00000000000000d1       0x2d ./Core/Src/stm32f1xx_hal_msp.o
 .ARM.attributes
                0x00000000000000fe       0x2d ./Core/Src/stm32f1xx_it.o
 .ARM.attributes
                0x000000000000012b       0x2d ./Core/Src/sysmem.o
 .ARM.attributes
                0x0000000000000158       0x2d ./Core/Src/system_stm32f1xx.o
 .ARM.attributes
                0x0000000000000185       0x21 ./Core/Startup/startup_stm32f103c8tx.o
 .ARM.attributes
                0x00000000000001a6       0x2d ./Drivers/STM32F1xx_HAL_Driver/Src/stm32f1xx_hal.o
 .ARM.attributes
                0x00000000000001d3       0x2d ./Drivers/STM32F1xx_HAL_Driver/Src/stm32f1xx_hal_cortex.o
 .ARM.attributes
                0x0000000000000200       0x2d ./Drivers/STM32F1xx_HAL_Driver/Src/stm32f1xx_hal_dma.o
 .ARM.attributes
                0x000000000000022d       0x2d ./Drivers/STM32F1xx_HAL_Driver/Src/stm32f1xx_hal_gpio.o
 .ARM.attributes
                0x000000000000025a       0x2d ./Drivers/STM32F1xx_HAL_Driver/Src/stm32f1xx_hal_rcc.o
 .ARM.attributes
                0x0000000000000287       0x2d ./Drivers/STM32F1xx_HAL_Driver/Src/stm32f1xx_hal_tim.o
 .ARM.attributes
                0x00000000000002b4       0x2d ./Drivers/STM32F1xx_HAL_Driver/Src/stm32f1xx_hal_tim_ex.o
 .ARM.attributes
                0x00000000000002e1       0x2d ./Drivers/STM32F1xx_HAL_Driver/Src/stm32f1xx_hal_uart.o
 .ARM.attributes
                0x000000000000030e       0x2d D:/Program files/STM32/STM32CubeIDE_1.11.0/STM32CubeIDE/plugins/com.st.stm32cube.ide.mcu.externaltools.gnu-tools-for-stm32.11.3.rel1.win32_1.1.1.202309131626/tools/bin/../lib/gcc/arm-none-eabi/11.3.1/../../../../arm-none-eabi/lib/thumb/v7-m/nofp\libc_nano.a(libc_a-findfp.o)
 .ARM.attributes
                0x000000000000033b       0x2d D:/Program files/STM32/STM32CubeIDE_1.11.0/STM32CubeIDE/plugins/com.st.stm32cube.ide.mcu.externaltools.gnu-tools-for-stm32.11.3.rel1.win32_1.1.1.202309131626/tools/bin/../lib/gcc/arm-none-eabi/11.3.1/../../../../arm-none-eabi/lib/thumb/v7-m/nofp\libc_nano.a(libc_a-sprintf.o)
 .ARM.attributes
                0x0000000000000368       0x2d D:/Program files/STM32/STM32CubeIDE_1.11.0/STM32CubeIDE/plugins/com.st.stm32cube.ide.mcu.externaltools.gnu-tools-for-stm32.11.3.rel1.win32_1.1.1.202309131626/tools/bin/../lib/gcc/arm-none-eabi/11.3.1/../../../../arm-none-eabi/lib/thumb/v7-m/nofp\libc_nano.a(libc_a-memset.o)
 .ARM.attributes
                0x0000000000000395       0x2d D:/Program files/STM32/STM32CubeIDE_1.11.0/STM32CubeIDE/plugins/com.st.stm32cube.ide.mcu.externaltools.gnu-tools-for-stm32.11.3.rel1.win32_1.1.1.202309131626/tools/bin/../lib/gcc/arm-none-eabi/11.3.1/../../../../arm-none-eabi/lib/thumb/v7-m/nofp\libc_nano.a(libc_a-reent.o)
 .ARM.attributes
                0x00000000000003c2       0x2d D:/Program files/STM32/STM32CubeIDE_1.11.0/STM32CubeIDE/plugins/com.st.stm32cube.ide.mcu.externaltools.gnu-tools-for-stm32.11.3.rel1.win32_1.1.1.202309131626/tools/bin/../lib/gcc/arm-none-eabi/11.3.1/../../../../arm-none-eabi/lib/thumb/v7-m/nofp\libc_nano.a(libc_a-impure.o)
 .ARM.attributes
                0x00000000000003ef       0x2d D:/Program files/STM32/STM32CubeIDE_1.11.0/STM32CubeIDE/plugins/com.st.stm32cube.ide.mcu.externaltools.gnu-tools-for-stm32.11.3.rel1.win32_1.1.1.202309131626/tools/bin/../lib/gcc/arm-none-eabi/11.3.1/../../../../arm-none-eabi/lib/thumb/v7-m/nofp\libc_nano.a(libc_a-errno.o)
 .ARM.attributes
                0x000000000000041c       0x2d D:/Program files/STM32/STM32CubeIDE_1.11.0/STM32CubeIDE/plugins/com.st.stm32cube.ide.mcu.externaltools.gnu-tools-for-stm32.11.3.rel1.win32_1.1.1.202309131626/tools/bin/../lib/gcc/arm-none-eabi/11.3.1/../../../../arm-none-eabi/lib/thumb/v7-m/nofp\libc_nano.a(libc_a-init.o)
 .ARM.attributes
                0x0000000000000449       0x2d D:/Program files/STM32/STM32CubeIDE_1.11.0/STM32CubeIDE/plugins/com.st.stm32cube.ide.mcu.externaltools.gnu-tools-for-stm32.11.3.rel1.win32_1.1.1.202309131626/tools/bin/../lib/gcc/arm-none-eabi/11.3.1/../../../../arm-none-eabi/lib/thumb/v7-m/nofp\libc_nano.a(libc_a-lock.o)
 .ARM.attributes
                0x0000000000000476       0x17 D:/Program files/STM32/STM32CubeIDE_1.11.0/STM32CubeIDE/plugins/com.st.stm32cube.ide.mcu.externaltools.gnu-tools-for-stm32.11.3.rel1.win32_1.1.1.202309131626/tools/bin/../lib/gcc/arm-none-eabi/11.3.1/../../../../arm-none-eabi/lib/thumb/v7-m/nofp\libc_nano.a(libc_a-strlen.o)
 .ARM.attributes
                0x000000000000048d       0x2d D:/Program files/STM32/STM32CubeIDE_1.11.0/STM32CubeIDE/plugins/com.st.stm32cube.ide.mcu.externaltools.gnu-tools-for-stm32.11.3.rel1.win32_1.1.1.202309131626/tools/bin/../lib/gcc/arm-none-eabi/11.3.1/../../../../arm-none-eabi/lib/thumb/v7-m/nofp\libc_nano.a(libc_a-freer.o)
 .ARM.attributes
                0x00000000000004ba       0x2d D:/Program files/STM32/STM32CubeIDE_1.11.0/STM32CubeIDE/plugins/com.st.stm32cube.ide.mcu.externaltools.gnu-tools-for-stm32.11.3.rel1.win32_1.1.1.202309131626/tools/bin/../lib/gcc/arm-none-eabi/11.3.1/../../../../arm-none-eabi/lib/thumb/v7-m/nofp\libc_nano.a(libc_a-mallocr.o)
 .ARM.attributes
                0x00000000000004e7       0x2d D:/Program files/STM32/STM32CubeIDE_1.11.0/STM32CubeIDE/plugins/com.st.stm32cube.ide.mcu.externaltools.gnu-tools-for-stm32.11.3.rel1.win32_1.1.1.202309131626/tools/bin/../lib/gcc/arm-none-eabi/11.3.1/../../../../arm-none-eabi/lib/thumb/v7-m/nofp\libc_nano.a(libc_a-mlock.o)
 .ARM.attributes
                0x0000000000000514       0x2d D:/Program files/STM32/STM32CubeIDE_1.11.0/STM32CubeIDE/plugins/com.st.stm32cube.ide.mcu.externaltools.gnu-tools-for-stm32.11.3.rel1.win32_1.1.1.202309131626/tools/bin/../lib/gcc/arm-none-eabi/11.3.1/../../../../arm-none-eabi/lib/thumb/v7-m/nofp\libc_nano.a(libc_a-nano-svfprintf.o)
 .ARM.attributes
                0x0000000000000541       0x2d D:/Program files/STM32/STM32CubeIDE_1.11.0/STM32CubeIDE/plugins/com.st.stm32cube.ide.mcu.externaltools.gnu-tools-for-stm32.11.3.rel1.win32_1.1.1.202309131626/tools/bin/../lib/gcc/arm-none-eabi/11.3.1/../../../../arm-none-eabi/lib/thumb/v7-m/nofp\libc_nano.a(libc_a-nano-vfprintf_i.o)
 .ARM.attributes
                0x000000000000056e       0x2d D:/Program files/STM32/STM32CubeIDE_1.11.0/STM32CubeIDE/plugins/com.st.stm32cube.ide.mcu.externaltools.gnu-tools-for-stm32.11.3.rel1.win32_1.1.1.202309131626/tools/bin/../lib/gcc/arm-none-eabi/11.3.1/../../../../arm-none-eabi/lib/thumb/v7-m/nofp\libc_nano.a(libc_a-memmove.o)
 .ARM.attributes
                0x000000000000059b       0x2d D:/Program files/STM32/STM32CubeIDE_1.11.0/STM32CubeIDE/plugins/com.st.stm32cube.ide.mcu.externaltools.gnu-tools-for-stm32.11.3.rel1.win32_1.1.1.202309131626/tools/bin/../lib/gcc/arm-none-eabi/11.3.1/../../../../arm-none-eabi/lib/thumb/v7-m/nofp\libc_nano.a(libc_a-sbrkr.o)
 .ARM.attributes
                0x00000000000005c8       0x2d D:/Program files/STM32/STM32CubeIDE_1.11.0/STM32CubeIDE/plugins/com.st.stm32cube.ide.mcu.externaltools.gnu-tools-for-stm32.11.3.rel1.win32_1.1.1.202309131626/tools/bin/../lib/gcc/arm-none-eabi/11.3.1/../../../../arm-none-eabi/lib/thumb/v7-m/nofp\libc_nano.a(libc_a-memchr-stub.o)
 .ARM.attributes
                0x00000000000005f5       0x2d D:/Program files/STM32/STM32CubeIDE_1.11.0/STM32CubeIDE/plugins/com.st.stm32cube.ide.mcu.externaltools.gnu-tools-for-stm32.11.3.rel1.win32_1.1.1.202309131626/tools/bin/../lib/gcc/arm-none-eabi/11.3.1/../../../../arm-none-eabi/lib/thumb/v7-m/nofp\libc_nano.a(libc_a-memcpy-stub.o)
 .ARM.attributes
                0x0000000000000622       0x2d D:/Program files/STM32/STM32CubeIDE_1.11.0/STM32CubeIDE/plugins/com.st.stm32cube.ide.mcu.externaltools.gnu-tools-for-stm32.11.3.rel1.win32_1.1.1.202309131626/tools/bin/../lib/gcc/arm-none-eabi/11.3.1/../../../../arm-none-eabi/lib/thumb/v7-m/nofp\libc_nano.a(libc_a-reallocr.o)
 .ARM.attributes
                0x000000000000064f       0x2d D:/Program files/STM32/STM32CubeIDE_1.11.0/STM32CubeIDE/plugins/com.st.stm32cube.ide.mcu.externaltools.gnu-tools-for-stm32.11.3.rel1.win32_1.1.1.202309131626/tools/bin/../lib/gcc/arm-none-eabi/11.3.1/../../../../arm-none-eabi/lib/thumb/v7-m/nofp\libc_nano.a(libc_a-msizer.o)
 .ARM.attributes
                0x000000000000067c       0x1d D:/Program files/STM32/STM32CubeIDE_1.11.0/STM32CubeIDE/plugins/com.st.stm32cube.ide.mcu.externaltools.gnu-tools-for-stm32.11.3.rel1.win32_1.1.1.202309131626/tools/bin/../lib/gcc/arm-none-eabi/11.3.1/thumb/v7-m/nofp\libgcc.a(_arm_muldf3.o)
 .ARM.attributes
                0x0000000000000699       0x1d D:/Program files/STM32/STM32CubeIDE_1.11.0/STM32CubeIDE/plugins/com.st.stm32cube.ide.mcu.externaltools.gnu-tools-for-stm32.11.3.rel1.win32_1.1.1.202309131626/tools/bin/../lib/gcc/arm-none-eabi/11.3.1/thumb/v7-m/nofp\libgcc.a(_arm_addsubdf3.o)
 .ARM.attributes
                0x00000000000006b6       0x1d D:/Program files/STM32/STM32CubeIDE_1.11.0/STM32CubeIDE/plugins/com.st.stm32cube.ide.mcu.externaltools.gnu-tools-for-stm32.11.3.rel1.win32_1.1.1.202309131626/tools/bin/../lib/gcc/arm-none-eabi/11.3.1/thumb/v7-m/nofp\libgcc.a(_arm_truncdfsf2.o)
 .ARM.attributes
                0x00000000000006d3       0x1d D:/Program files/STM32/STM32CubeIDE_1.11.0/STM32CubeIDE/plugins/com.st.stm32cube.ide.mcu.externaltools.gnu-tools-for-stm32.11.3.rel1.win32_1.1.1.202309131626/tools/bin/../lib/gcc/arm-none-eabi/11.3.1/thumb/v7-m/nofp/crtn.o
OUTPUT(STM32F103C8T6_Deneme.elf elf32-littlearm)
LOAD linker stubs
LOAD D:/Program files/STM32/STM32CubeIDE_1.11.0/STM32CubeIDE/plugins/com.st.stm32cube.ide.mcu.externaltools.gnu-tools-for-stm32.11.3.rel1.win32_1.1.1.202309131626/tools/bin/../lib/gcc/arm-none-eabi/11.3.1/../../../../arm-none-eabi/lib/thumb/v7-m/nofp\libc.a
LOAD D:/Program files/STM32/STM32CubeIDE_1.11.0/STM32CubeIDE/plugins/com.st.stm32cube.ide.mcu.externaltools.gnu-tools-for-stm32.11.3.rel1.win32_1.1.1.202309131626/tools/bin/../lib/gcc/arm-none-eabi/11.3.1/../../../../arm-none-eabi/lib/thumb/v7-m/nofp\libm.a
LOAD D:/Program files/STM32/STM32CubeIDE_1.11.0/STM32CubeIDE/plugins/com.st.stm32cube.ide.mcu.externaltools.gnu-tools-for-stm32.11.3.rel1.win32_1.1.1.202309131626/tools/bin/../lib/gcc/arm-none-eabi/11.3.1/thumb/v7-m/nofp\libgcc.a

.comment        0x0000000000000000       0x43
 .comment       0x0000000000000000       0x43 D:/Program files/STM32/STM32CubeIDE_1.11.0/STM32CubeIDE/plugins/com.st.stm32cube.ide.mcu.externaltools.gnu-tools-for-stm32.11.3.rel1.win32_1.1.1.202309131626/tools/bin/../lib/gcc/arm-none-eabi/11.3.1/thumb/v7-m/nofp/crtbegin.o
                                         0x44 (size before relaxing)
 .comment       0x0000000000000043       0x44 ./Core/Src/GPS.o
 .comment       0x0000000000000043       0x44 ./Core/Src/SIM800.o
 .comment       0x0000000000000043       0x44 ./Core/Src/main.o
 .comment       0x0000000000000043       0x44 ./Core/Src/stm32f1xx_hal_msp.o
 .comment       0x0000000000000043       0x44 ./Core/Src/stm32f1xx_it.o
 .comment       0x0000000000000043       0x44 ./Core/Src/sysmem.o
 .comment       0x0000000000000043       0x44 ./Core/Src/system_stm32f1xx.o
 .comment       0x0000000000000043       0x44 ./Drivers/STM32F1xx_HAL_Driver/Src/stm32f1xx_hal.o
 .comment       0x0000000000000043       0x44 ./Drivers/STM32F1xx_HAL_Driver/Src/stm32f1xx_hal_cortex.o
 .comment       0x0000000000000043       0x44 ./Drivers/STM32F1xx_HAL_Driver/Src/stm32f1xx_hal_dma.o
 .comment       0x0000000000000043       0x44 ./Drivers/STM32F1xx_HAL_Driver/Src/stm32f1xx_hal_gpio.o
 .comment       0x0000000000000043       0x44 ./Drivers/STM32F1xx_HAL_Driver/Src/stm32f1xx_hal_rcc.o
 .comment       0x0000000000000043       0x44 ./Drivers/STM32F1xx_HAL_Driver/Src/stm32f1xx_hal_tim.o
 .comment       0x0000000000000043       0x44 ./Drivers/STM32F1xx_HAL_Driver/Src/stm32f1xx_hal_tim_ex.o
 .comment       0x0000000000000043       0x44 ./Drivers/STM32F1xx_HAL_Driver/Src/stm32f1xx_hal_uart.o

.debug_info     0x0000000000000000     0xcc35
 .debug_info    0x0000000000000000      0x347 ./Core/Src/GPS.o
 .debug_info    0x0000000000000347      0x8e1 ./Core/Src/SIM800.o
 .debug_info    0x0000000000000c28     0x11b8 ./Core/Src/main.o
 .debug_info    0x0000000000001de0      0xdd4 ./Core/Src/stm32f1xx_hal_msp.o
 .debug_info    0x0000000000002bb4      0x979 ./Core/Src/stm32f1xx_it.o
 .debug_info    0x000000000000352d      0x168 ./Core/Src/sysmem.o
 .debug_info    0x0000000000003695      0x222 ./Core/Src/system_stm32f1xx.o
 .debug_info    0x00000000000038b7       0x23 ./Core/Startup/startup_stm32f103c8tx.o
 .debug_info    0x00000000000038da      0x704 ./Drivers/STM32F1xx_HAL_Driver/Src/stm32f1xx_hal.o
 .debug_info    0x0000000000003fde      0xa87 ./Drivers/STM32F1xx_HAL_Driver/Src/stm32f1xx_hal_cortex.o
 .debug_info    0x0000000000004a65      0x6d2 ./Drivers/STM32F1xx_HAL_Driver/Src/stm32f1xx_hal_dma.o
 .debug_info    0x0000000000005137      0x5ab ./Drivers/STM32F1xx_HAL_Driver/Src/stm32f1xx_hal_gpio.o
 .debug_info    0x00000000000056e2      0x7d5 ./Drivers/STM32F1xx_HAL_Driver/Src/stm32f1xx_hal_rcc.o
 .debug_info    0x0000000000005eb7     0x293b ./Drivers/STM32F1xx_HAL_Driver/Src/stm32f1xx_hal_tim.o
 .debug_info    0x00000000000087f2     0x149b ./Drivers/STM32F1xx_HAL_Driver/Src/stm32f1xx_hal_tim_ex.o
 .debug_info    0x0000000000009c8d     0x2fa8 ./Drivers/STM32F1xx_HAL_Driver/Src/stm32f1xx_hal_uart.o

.debug_abbrev   0x0000000000000000     0x2090
 .debug_abbrev  0x0000000000000000      0x1dd ./Core/Src/GPS.o
 .debug_abbrev  0x00000000000001dd      0x25f ./Core/Src/SIM800.o
 .debug_abbrev  0x000000000000043c      0x31e ./Core/Src/main.o
 .debug_abbrev  0x000000000000075a      0x21c ./Core/Src/stm32f1xx_hal_msp.o
 .debug_abbrev  0x0000000000000976      0x19b ./Core/Src/stm32f1xx_it.o
 .debug_abbrev  0x0000000000000b11       0xbc ./Core/Src/sysmem.o
 .debug_abbrev  0x0000000000000bcd      0x13f ./Core/Src/system_stm32f1xx.o
 .debug_abbrev  0x0000000000000d0c       0x12 ./Core/Startup/startup_stm32f103c8tx.o
 .debug_abbrev  0x0000000000000d1e      0x201 ./Drivers/STM32F1xx_HAL_Driver/Src/stm32f1xx_hal.o
 .debug_abbrev  0x0000000000000f1f      0x2f8 ./Drivers/STM32F1xx_HAL_Driver/Src/stm32f1xx_hal_cortex.o
 .debug_abbrev  0x0000000000001217      0x20b ./Drivers/STM32F1xx_HAL_Driver/Src/stm32f1xx_hal_dma.o
 .debug_abbrev  0x0000000000001422      0x1ca ./Drivers/STM32F1xx_HAL_Driver/Src/stm32f1xx_hal_gpio.o
 .debug_abbrev  0x00000000000015ec      0x2b3 ./Drivers/STM32F1xx_HAL_Driver/Src/stm32f1xx_hal_rcc.o
 .debug_abbrev  0x000000000000189f      0x277 ./Drivers/STM32F1xx_HAL_Driver/Src/stm32f1xx_hal_tim.o
 .debug_abbrev  0x0000000000001b16      0x282 ./Drivers/STM32F1xx_HAL_Driver/Src/stm32f1xx_hal_tim_ex.o
 .debug_abbrev  0x0000000000001d98      0x2f8 ./Drivers/STM32F1xx_HAL_Driver/Src/stm32f1xx_hal_uart.o

.debug_aranges  0x0000000000000000      0xcb0
 .debug_aranges
                0x0000000000000000       0x50 ./Core/Src/GPS.o
 .debug_aranges
                0x0000000000000050       0x48 ./Core/Src/SIM800.o
 .debug_aranges
                0x0000000000000098       0x68 ./Core/Src/main.o
 .debug_aranges
                0x0000000000000100       0x40 ./Core/Src/stm32f1xx_hal_msp.o
 .debug_aranges
                0x0000000000000140       0x78 ./Core/Src/stm32f1xx_it.o
 .debug_aranges
                0x00000000000001b8       0x20 ./Core/Src/sysmem.o
 .debug_aranges
                0x00000000000001d8       0x28 ./Core/Src/system_stm32f1xx.o
 .debug_aranges
                0x0000000000000200       0x28 ./Core/Startup/startup_stm32f103c8tx.o
 .debug_aranges
                0x0000000000000228       0xe0 ./Drivers/STM32F1xx_HAL_Driver/Src/stm32f1xx_hal.o
 .debug_aranges
                0x0000000000000308      0x100 ./Drivers/STM32F1xx_HAL_Driver/Src/stm32f1xx_hal_cortex.o
 .debug_aranges
                0x0000000000000408       0x80 ./Drivers/STM32F1xx_HAL_Driver/Src/stm32f1xx_hal_dma.o
 .debug_aranges
                0x0000000000000488       0x58 ./Drivers/STM32F1xx_HAL_Driver/Src/stm32f1xx_hal_gpio.o
 .debug_aranges
                0x00000000000004e0       0x90 ./Drivers/STM32F1xx_HAL_Driver/Src/stm32f1xx_hal_rcc.o
 .debug_aranges
                0x0000000000000570      0x3d0 ./Drivers/STM32F1xx_HAL_Driver/Src/stm32f1xx_hal_tim.o
 .debug_aranges
                0x0000000000000940      0x168 ./Drivers/STM32F1xx_HAL_Driver/Src/stm32f1xx_hal_tim_ex.o
 .debug_aranges
                0x0000000000000aa8      0x208 ./Drivers/STM32F1xx_HAL_Driver/Src/stm32f1xx_hal_uart.o

.debug_rnglists
                0x0000000000000000      0x9eb
 .debug_rnglists
                0x0000000000000000       0x3b ./Core/Src/GPS.o
 .debug_rnglists
                0x000000000000003b       0x35 ./Core/Src/SIM800.o
 .debug_rnglists
                0x0000000000000070       0x4c ./Core/Src/main.o
 .debug_rnglists
                0x00000000000000bc       0x2c ./Core/Src/stm32f1xx_hal_msp.o
 .debug_rnglists
                0x00000000000000e8       0x55 ./Core/Src/stm32f1xx_it.o
 .debug_rnglists
                0x000000000000013d       0x13 ./Core/Src/sysmem.o
 .debug_rnglists
                0x0000000000000150       0x1a ./Core/Src/system_stm32f1xx.o
 .debug_rnglists
                0x000000000000016a       0x19 ./Core/Startup/startup_stm32f103c8tx.o
 .debug_rnglists
                0x0000000000000183       0xa3 ./Drivers/STM32F1xx_HAL_Driver/Src/stm32f1xx_hal.o
 .debug_rnglists
                0x0000000000000226       0xbb ./Drivers/STM32F1xx_HAL_Driver/Src/stm32f1xx_hal_cortex.o
 .debug_rnglists
                0x00000000000002e1       0x64 ./Drivers/STM32F1xx_HAL_Driver/Src/stm32f1xx_hal_dma.o
 .debug_rnglists
                0x0000000000000345       0x3f ./Drivers/STM32F1xx_HAL_Driver/Src/stm32f1xx_hal_gpio.o
 .debug_rnglists
                0x0000000000000384       0x6c ./Drivers/STM32F1xx_HAL_Driver/Src/stm32f1xx_hal_rcc.o
 .debug_rnglists
                0x00000000000003f0      0x31a ./Drivers/STM32F1xx_HAL_Driver/Src/stm32f1xx_hal_tim.o
 .debug_rnglists
                0x000000000000070a      0x125 ./Drivers/STM32F1xx_HAL_Driver/Src/stm32f1xx_hal_tim_ex.o
 .debug_rnglists
                0x000000000000082f      0x1bc ./Drivers/STM32F1xx_HAL_Driver/Src/stm32f1xx_hal_uart.o

.debug_macro    0x0000000000000000    0x183b1
 .debug_macro   0x0000000000000000      0x303 ./Core/Src/GPS.o
 .debug_macro   0x0000000000000303      0xa9c ./Core/Src/GPS.o
 .debug_macro   0x0000000000000d9f       0x22 ./Core/Src/GPS.o
 .debug_macro   0x0000000000000dc1       0x5b ./Core/Src/GPS.o
 .debug_macro   0x0000000000000e1c       0x24 ./Core/Src/GPS.o
 .debug_macro   0x0000000000000e40       0x94 ./Core/Src/GPS.o
 .debug_macro   0x0000000000000ed4       0x43 ./Core/Src/GPS.o
 .debug_macro   0x0000000000000f17       0x34 ./Core/Src/GPS.o
 .debug_macro   0x0000000000000f4b      0x174 ./Core/Src/GPS.o
 .debug_macro   0x00000000000010bf       0x16 ./Core/Src/GPS.o
 .debug_macro   0x00000000000010d5       0x43 ./Core/Src/GPS.o
 .debug_macro   0x0000000000001118       0x57 ./Core/Src/GPS.o
 .debug_macro   0x000000000000116f       0x34 ./Core/Src/GPS.o
 .debug_macro   0x00000000000011a3       0x10 ./Core/Src/GPS.o
 .debug_macro   0x00000000000011b3       0x58 ./Core/Src/GPS.o
 .debug_macro   0x000000000000120b       0x8e ./Core/Src/GPS.o
 .debug_macro   0x0000000000001299       0x1c ./Core/Src/GPS.o
 .debug_macro   0x00000000000012b5      0x177 ./Core/Src/GPS.o
 .debug_macro   0x000000000000142c      0x369 ./Core/Src/GPS.o
 .debug_macro   0x0000000000001795       0x10 ./Core/Src/GPS.o
 .debug_macro   0x00000000000017a5       0x35 ./Core/Src/GPS.o
 .debug_macro   0x00000000000017da       0x20 ./Core/Src/GPS.o
 .debug_macro   0x00000000000017fa       0x1c ./Core/Src/GPS.o
 .debug_macro   0x0000000000001816       0x10 ./Core/Src/GPS.o
 .debug_macro   0x0000000000001826       0x1c ./Core/Src/GPS.o
 .debug_macro   0x0000000000001842       0x16 ./Core/Src/GPS.o
 .debug_macro   0x0000000000001858      0x147 ./Core/Src/GPS.o
 .debug_macro   0x000000000000199f      0x221 ./Core/Src/GPS.o
 .debug_macro   0x0000000000001bc0       0x2e ./Core/Src/GPS.o
 .debug_macro   0x0000000000001bee       0x22 ./Core/Src/GPS.o
 .debug_macro   0x0000000000001c10      0x103 ./Core/Src/GPS.o
 .debug_macro   0x0000000000001d13       0x6a ./Core/Src/GPS.o
 .debug_macro   0x0000000000001d7d      0x1df ./Core/Src/GPS.o
 .debug_macro   0x0000000000001f5c       0x1c ./Core/Src/GPS.o
 .debug_macro   0x0000000000001f78       0x22 ./Core/Src/GPS.o
 .debug_macro   0x0000000000001f9a       0xbd ./Core/Src/GPS.o
 .debug_macro   0x0000000000002057      0xd23 ./Core/Src/GPS.o
 .debug_macro   0x0000000000002d7a     0xe09e ./Core/Src/GPS.o
 .debug_macro   0x0000000000010e18       0x6d ./Core/Src/GPS.o
 .debug_macro   0x0000000000010e85     0x348d ./Core/Src/GPS.o
 .debug_macro   0x0000000000014312       0x56 ./Core/Src/GPS.o
 .debug_macro   0x0000000000014368      0x5bc ./Core/Src/GPS.o
 .debug_macro   0x0000000000014924      0x289 ./Core/Src/GPS.o
 .debug_macro   0x0000000000014bad      0x1cb ./Core/Src/GPS.o
 .debug_macro   0x0000000000014d78      0x114 ./Core/Src/GPS.o
 .debug_macro   0x0000000000014e8c      0x1b2 ./Core/Src/GPS.o
 .debug_macro   0x000000000001503e       0x27 ./Core/Src/GPS.o
 .debug_macro   0x0000000000015065      0x136 ./Core/Src/GPS.o
 .debug_macro   0x000000000001519b      0x1bc ./Core/Src/GPS.o
 .debug_macro   0x0000000000015357       0x34 ./Core/Src/GPS.o
 .debug_macro   0x000000000001538b       0x3c ./Core/Src/GPS.o
 .debug_macro   0x00000000000153c7       0x57 ./Core/Src/GPS.o
 .debug_macro   0x000000000001541e       0x87 ./Core/Src/GPS.o
 .debug_macro   0x00000000000154a5      0x240 ./Core/Src/GPS.o
 .debug_macro   0x00000000000156e5      0x140 ./Core/Src/GPS.o
 .debug_macro   0x0000000000015825      0x8ed ./Core/Src/GPS.o
 .debug_macro   0x0000000000016112      0x28e ./Core/Src/GPS.o
 .debug_macro   0x00000000000163a0       0x83 ./Core/Src/GPS.o
 .debug_macro   0x0000000000016423       0x10 ./Core/Src/GPS.o
 .debug_macro   0x0000000000016433       0x22 ./Core/Src/GPS.o
 .debug_macro   0x0000000000016455       0x16 ./Core/Src/GPS.o
 .debug_macro   0x000000000001646b       0x16 ./Core/Src/GPS.o
 .debug_macro   0x0000000000016481       0x29 ./Core/Src/GPS.o
 .debug_macro   0x00000000000164aa      0x2b0 ./Core/Src/SIM800.o
 .debug_macro   0x000000000001675a      0x10e ./Core/Src/SIM800.o
 .debug_macro   0x0000000000016868       0x8d ./Core/Src/SIM800.o
 .debug_macro   0x00000000000168f5       0x16 ./Core/Src/SIM800.o
 .debug_macro   0x000000000001690b      0x303 ./Core/Src/main.o
 .debug_macro   0x0000000000016c0e       0x8e ./Core/Src/main.o
 .debug_macro   0x0000000000016c9c       0x51 ./Core/Src/main.o
 .debug_macro   0x0000000000016ced       0x5c ./Core/Src/main.o
 .debug_macro   0x0000000000016d49       0x61 ./Core/Src/main.o
 .debug_macro   0x0000000000016daa      0x1b2 ./Core/Src/stm32f1xx_hal_msp.o
 .debug_macro   0x0000000000016f5c      0x1bc ./Core/Src/stm32f1xx_it.o
 .debug_macro   0x0000000000017118       0xff ./Core/Src/sysmem.o
 .debug_macro   0x0000000000017217      0x23c ./Core/Src/sysmem.o
 .debug_macro   0x0000000000017453      0x1a3 ./Core/Src/system_stm32f1xx.o
 .debug_macro   0x00000000000175f6      0x1c7 ./Drivers/STM32F1xx_HAL_Driver/Src/stm32f1xx_hal.o
 .debug_macro   0x00000000000177bd      0x1a3 ./Drivers/STM32F1xx_HAL_Driver/Src/stm32f1xx_hal_cortex.o
 .debug_macro   0x0000000000017960      0x1a3 ./Drivers/STM32F1xx_HAL_Driver/Src/stm32f1xx_hal_dma.o
 .debug_macro   0x0000000000017b03      0x20e ./Drivers/STM32F1xx_HAL_Driver/Src/stm32f1xx_hal_gpio.o
 .debug_macro   0x0000000000017d11      0x1b5 ./Drivers/STM32F1xx_HAL_Driver/Src/stm32f1xx_hal_rcc.o
 .debug_macro   0x0000000000017ec6      0x1a4 ./Drivers/STM32F1xx_HAL_Driver/Src/stm32f1xx_hal_tim.o
 .debug_macro   0x000000000001806a      0x1a3 ./Drivers/STM32F1xx_HAL_Driver/Src/stm32f1xx_hal_tim_ex.o
 .debug_macro   0x000000000001820d      0x1a4 ./Drivers/STM32F1xx_HAL_Driver/Src/stm32f1xx_hal_uart.o

.debug_line     0x0000000000000000    0x107e5
 .debug_line    0x0000000000000000      0xdb6 ./Core/Src/GPS.o
 .debug_line    0x0000000000000db6      0xc66 ./Core/Src/SIM800.o
 .debug_line    0x0000000000001a1c      0xc2f ./Core/Src/main.o
 .debug_line    0x000000000000264b      0x976 ./Core/Src/stm32f1xx_hal_msp.o
 .debug_line    0x0000000000002fc1      0x993 ./Core/Src/stm32f1xx_it.o
 .debug_line    0x0000000000003954      0x716 ./Core/Src/sysmem.o
 .debug_line    0x000000000000406a      0x907 ./Core/Src/system_stm32f1xx.o
 .debug_line    0x0000000000004971       0x78 ./Core/Startup/startup_stm32f103c8tx.o
 .debug_line    0x00000000000049e9      0xb34 ./Drivers/STM32F1xx_HAL_Driver/Src/stm32f1xx_hal.o
 .debug_line    0x000000000000551d      0xd1c ./Drivers/STM32F1xx_HAL_Driver/Src/stm32f1xx_hal_cortex.o
 .debug_line    0x0000000000006239      0xf8d ./Drivers/STM32F1xx_HAL_Driver/Src/stm32f1xx_hal_dma.o
 .debug_line    0x00000000000071c6      0xbcd ./Drivers/STM32F1xx_HAL_Driver/Src/stm32f1xx_hal_gpio.o
 .debug_line    0x0000000000007d93      0xf3d ./Drivers/STM32F1xx_HAL_Driver/Src/stm32f1xx_hal_rcc.o
 .debug_line    0x0000000000008cd0     0x3620 ./Drivers/STM32F1xx_HAL_Driver/Src/stm32f1xx_hal_tim.o
 .debug_line    0x000000000000c2f0     0x1a93 ./Drivers/STM32F1xx_HAL_Driver/Src/stm32f1xx_hal_tim_ex.o
 .debug_line    0x000000000000dd83     0x2a62 ./Drivers/STM32F1xx_HAL_Driver/Src/stm32f1xx_hal_uart.o

.debug_str      0x0000000000000000    0x8a742
 .debug_str     0x0000000000000000    0x86c3c ./Core/Src/GPS.o
                                      0x86f9d (size before relaxing)
 .debug_str     0x0000000000086c3c      0x4e3 ./Core/Src/SIM800.o
                                      0x86d19 (size before relaxing)
 .debug_str     0x000000000008711f      0x978 ./Core/Src/main.o
                                      0x87d45 (size before relaxing)
 .debug_str     0x0000000000087a97       0xf4 ./Core/Src/stm32f1xx_hal_msp.o
                                      0x84135 (size before relaxing)
 .debug_str     0x0000000000087b8b      0x12e ./Core/Src/stm32f1xx_it.o
                                      0x83da5 (size before relaxing)
 .debug_str     0x0000000000087cb9      0x4dc ./Core/Src/sysmem.o
                                       0x6009 (size before relaxing)
 .debug_str     0x0000000000088195       0x7e ./Core/Src/system_stm32f1xx.o
                                      0x83610 (size before relaxing)
 .debug_str     0x0000000000088213       0x34 ./Core/Startup/startup_stm32f103c8tx.o
                                         0x73 (size before relaxing)
 .debug_str     0x0000000000088247      0x384 ./Drivers/STM32F1xx_HAL_Driver/Src/stm32f1xx_hal.o
                                      0x83d43 (size before relaxing)
 .debug_str     0x00000000000885cb      0x294 ./Drivers/STM32F1xx_HAL_Driver/Src/stm32f1xx_hal_cortex.o
                                      0x83c8f (size before relaxing)
 .debug_str     0x000000000008885f      0x206 ./Drivers/STM32F1xx_HAL_Driver/Src/stm32f1xx_hal_dma.o
                                      0x839b9 (size before relaxing)
 .debug_str     0x0000000000088a65      0x2ce ./Drivers/STM32F1xx_HAL_Driver/Src/stm32f1xx_hal_gpio.o
                                      0x83996 (size before relaxing)
 .debug_str     0x0000000000088d33      0x229 ./Drivers/STM32F1xx_HAL_Driver/Src/stm32f1xx_hal_rcc.o
                                      0x83a3f (size before relaxing)
 .debug_str     0x0000000000088f5c      0xda3 ./Drivers/STM32F1xx_HAL_Driver/Src/stm32f1xx_hal_tim.o
                                      0x84a31 (size before relaxing)
 .debug_str     0x0000000000089cff      0x493 ./Drivers/STM32F1xx_HAL_Driver/Src/stm32f1xx_hal_tim_ex.o
                                      0x8424d (size before relaxing)
 .debug_str     0x000000000008a192      0x5b0 ./Drivers/STM32F1xx_HAL_Driver/Src/stm32f1xx_hal_uart.o
                                      0x840b0 (size before relaxing)

.debug_frame    0x0000000000000000     0x3a98
 .debug_frame   0x0000000000000000      0x104 ./Core/Src/GPS.o
 .debug_frame   0x0000000000000104       0xe8 ./Core/Src/SIM800.o
 .debug_frame   0x00000000000001ec      0x154 ./Core/Src/main.o
 .debug_frame   0x0000000000000340       0xc8 ./Core/Src/stm32f1xx_hal_msp.o
 .debug_frame   0x0000000000000408      0x158 ./Core/Src/stm32f1xx_it.o
 .debug_frame   0x0000000000000560       0x34 ./Core/Src/sysmem.o
 .debug_frame   0x0000000000000594       0x58 ./Core/Src/system_stm32f1xx.o
 .debug_frame   0x00000000000005ec      0x334 ./Drivers/STM32F1xx_HAL_Driver/Src/stm32f1xx_hal.o
 .debug_frame   0x0000000000000920      0x428 ./Drivers/STM32F1xx_HAL_Driver/Src/stm32f1xx_hal_cortex.o
 .debug_frame   0x0000000000000d48      0x208 ./Drivers/STM32F1xx_HAL_Driver/Src/stm32f1xx_hal_dma.o
 .debug_frame   0x0000000000000f50      0x14c ./Drivers/STM32F1xx_HAL_Driver/Src/stm32f1xx_hal_gpio.o
 .debug_frame   0x000000000000109c      0x218 ./Drivers/STM32F1xx_HAL_Driver/Src/stm32f1xx_hal_rcc.o
 .debug_frame   0x00000000000012b4     0x11bc ./Drivers/STM32F1xx_HAL_Driver/Src/stm32f1xx_hal_tim.o
 .debug_frame   0x0000000000002470      0x638 ./Drivers/STM32F1xx_HAL_Driver/Src/stm32f1xx_hal_tim_ex.o
 .debug_frame   0x0000000000002aa8      0x944 ./Drivers/STM32F1xx_HAL_Driver/Src/stm32f1xx_hal_uart.o
 .debug_frame   0x00000000000033ec      0x144 D:/Program files/STM32/STM32CubeIDE_1.11.0/STM32CubeIDE/plugins/com.st.stm32cube.ide.mcu.externaltools.gnu-tools-for-stm32.11.3.rel1.win32_1.1.1.202309131626/tools/bin/../lib/gcc/arm-none-eabi/11.3.1/../../../../arm-none-eabi/lib/thumb/v7-m/nofp\libc_nano.a(libc_a-findfp.o)
 .debug_frame   0x0000000000003530       0x6c D:/Program files/STM32/STM32CubeIDE_1.11.0/STM32CubeIDE/plugins/com.st.stm32cube.ide.mcu.externaltools.gnu-tools-for-stm32.11.3.rel1.win32_1.1.1.202309131626/tools/bin/../lib/gcc/arm-none-eabi/11.3.1/../../../../arm-none-eabi/lib/thumb/v7-m/nofp\libc_nano.a(libc_a-sprintf.o)
 .debug_frame   0x000000000000359c       0x20 D:/Program files/STM32/STM32CubeIDE_1.11.0/STM32CubeIDE/plugins/com.st.stm32cube.ide.mcu.externaltools.gnu-tools-for-stm32.11.3.rel1.win32_1.1.1.202309131626/tools/bin/../lib/gcc/arm-none-eabi/11.3.1/../../../../arm-none-eabi/lib/thumb/v7-m/nofp\libc_nano.a(libc_a-memset.o)
 .debug_frame   0x00000000000035bc       0x38 D:/Program files/STM32/STM32CubeIDE_1.11.0/STM32CubeIDE/plugins/com.st.stm32cube.ide.mcu.externaltools.gnu-tools-for-stm32.11.3.rel1.win32_1.1.1.202309131626/tools/bin/../lib/gcc/arm-none-eabi/11.3.1/../../../../arm-none-eabi/lib/thumb/v7-m/nofp\libc_nano.a(libc_a-reent.o)
 .debug_frame   0x00000000000035f4       0x20 D:/Program files/STM32/STM32CubeIDE_1.11.0/STM32CubeIDE/plugins/com.st.stm32cube.ide.mcu.externaltools.gnu-tools-for-stm32.11.3.rel1.win32_1.1.1.202309131626/tools/bin/../lib/gcc/arm-none-eabi/11.3.1/../../../../arm-none-eabi/lib/thumb/v7-m/nofp\libc_nano.a(libc_a-errno.o)
 .debug_frame   0x0000000000003614       0x2c D:/Program files/STM32/STM32CubeIDE_1.11.0/STM32CubeIDE/plugins/com.st.stm32cube.ide.mcu.externaltools.gnu-tools-for-stm32.11.3.rel1.win32_1.1.1.202309131626/tools/bin/../lib/gcc/arm-none-eabi/11.3.1/../../../../arm-none-eabi/lib/thumb/v7-m/nofp\libc_nano.a(libc_a-init.o)
 .debug_frame   0x0000000000003640       0xb0 D:/Program files/STM32/STM32CubeIDE_1.11.0/STM32CubeIDE/plugins/com.st.stm32cube.ide.mcu.externaltools.gnu-tools-for-stm32.11.3.rel1.win32_1.1.1.202309131626/tools/bin/../lib/gcc/arm-none-eabi/11.3.1/../../../../arm-none-eabi/lib/thumb/v7-m/nofp\libc_nano.a(libc_a-lock.o)
 .debug_frame   0x00000000000036f0       0x38 D:/Program files/STM32/STM32CubeIDE_1.11.0/STM32CubeIDE/plugins/com.st.stm32cube.ide.mcu.externaltools.gnu-tools-for-stm32.11.3.rel1.win32_1.1.1.202309131626/tools/bin/../lib/gcc/arm-none-eabi/11.3.1/../../../../arm-none-eabi/lib/thumb/v7-m/nofp\libc_nano.a(libc_a-freer.o)
 .debug_frame   0x0000000000003728       0x50 D:/Program files/STM32/STM32CubeIDE_1.11.0/STM32CubeIDE/plugins/com.st.stm32cube.ide.mcu.externaltools.gnu-tools-for-stm32.11.3.rel1.win32_1.1.1.202309131626/tools/bin/../lib/gcc/arm-none-eabi/11.3.1/../../../../arm-none-eabi/lib/thumb/v7-m/nofp\libc_nano.a(libc_a-mallocr.o)
 .debug_frame   0x0000000000003778       0x30 D:/Program files/STM32/STM32CubeIDE_1.11.0/STM32CubeIDE/plugins/com.st.stm32cube.ide.mcu.externaltools.gnu-tools-for-stm32.11.3.rel1.win32_1.1.1.202309131626/tools/bin/../lib/gcc/arm-none-eabi/11.3.1/../../../../arm-none-eabi/lib/thumb/v7-m/nofp\libc_nano.a(libc_a-mlock.o)
 .debug_frame   0x00000000000037a8       0x90 D:/Program files/STM32/STM32CubeIDE_1.11.0/STM32CubeIDE/plugins/com.st.stm32cube.ide.mcu.externaltools.gnu-tools-for-stm32.11.3.rel1.win32_1.1.1.202309131626/tools/bin/../lib/gcc/arm-none-eabi/11.3.1/../../../../arm-none-eabi/lib/thumb/v7-m/nofp\libc_nano.a(libc_a-nano-svfprintf.o)
 .debug_frame   0x0000000000003838       0x60 D:/Program files/STM32/STM32CubeIDE_1.11.0/STM32CubeIDE/plugins/com.st.stm32cube.ide.mcu.externaltools.gnu-tools-for-stm32.11.3.rel1.win32_1.1.1.202309131626/tools/bin/../lib/gcc/arm-none-eabi/11.3.1/../../../../arm-none-eabi/lib/thumb/v7-m/nofp\libc_nano.a(libc_a-nano-vfprintf_i.o)
 .debug_frame   0x0000000000003898       0x28 D:/Program files/STM32/STM32CubeIDE_1.11.0/STM32CubeIDE/plugins/com.st.stm32cube.ide.mcu.externaltools.gnu-tools-for-stm32.11.3.rel1.win32_1.1.1.202309131626/tools/bin/../lib/gcc/arm-none-eabi/11.3.1/../../../../arm-none-eabi/lib/thumb/v7-m/nofp\libc_nano.a(libc_a-memmove.o)
 .debug_frame   0x00000000000038c0       0x2c D:/Program files/STM32/STM32CubeIDE_1.11.0/STM32CubeIDE/plugins/com.st.stm32cube.ide.mcu.externaltools.gnu-tools-for-stm32.11.3.rel1.win32_1.1.1.202309131626/tools/bin/../lib/gcc/arm-none-eabi/11.3.1/../../../../arm-none-eabi/lib/thumb/v7-m/nofp\libc_nano.a(libc_a-sbrkr.o)
 .debug_frame   0x00000000000038ec       0x28 D:/Program files/STM32/STM32CubeIDE_1.11.0/STM32CubeIDE/plugins/com.st.stm32cube.ide.mcu.externaltools.gnu-tools-for-stm32.11.3.rel1.win32_1.1.1.202309131626/tools/bin/../lib/gcc/arm-none-eabi/11.3.1/../../../../arm-none-eabi/lib/thumb/v7-m/nofp\libc_nano.a(libc_a-memchr-stub.o)
 .debug_frame   0x0000000000003914       0x28 D:/Program files/STM32/STM32CubeIDE_1.11.0/STM32CubeIDE/plugins/com.st.stm32cube.ide.mcu.externaltools.gnu-tools-for-stm32.11.3.rel1.win32_1.1.1.202309131626/tools/bin/../lib/gcc/arm-none-eabi/11.3.1/../../../../arm-none-eabi/lib/thumb/v7-m/nofp\libc_nano.a(libc_a-memcpy-stub.o)
 .debug_frame   0x000000000000393c       0x3c D:/Program files/STM32/STM32CubeIDE_1.11.0/STM32CubeIDE/plugins/com.st.stm32cube.ide.mcu.externaltools.gnu-tools-for-stm32.11.3.rel1.win32_1.1.1.202309131626/tools/bin/../lib/gcc/arm-none-eabi/11.3.1/../../../../arm-none-eabi/lib/thumb/v7-m/nofp\libc_nano.a(libc_a-reallocr.o)
 .debug_frame   0x0000000000003978       0x20 D:/Program files/STM32/STM32CubeIDE_1.11.0/STM32CubeIDE/plugins/com.st.stm32cube.ide.mcu.externaltools.gnu-tools-for-stm32.11.3.rel1.win32_1.1.1.202309131626/tools/bin/../lib/gcc/arm-none-eabi/11.3.1/../../../../arm-none-eabi/lib/thumb/v7-m/nofp\libc_nano.a(libc_a-msizer.o)
 .debug_frame   0x0000000000003998       0x30 D:/Program files/STM32/STM32CubeIDE_1.11.0/STM32CubeIDE/plugins/com.st.stm32cube.ide.mcu.externaltools.gnu-tools-for-stm32.11.3.rel1.win32_1.1.1.202309131626/tools/bin/../lib/gcc/arm-none-eabi/11.3.1/thumb/v7-m/nofp\libgcc.a(_arm_muldf3.o)
 .debug_frame   0x00000000000039c8       0xac D:/Program files/STM32/STM32CubeIDE_1.11.0/STM32CubeIDE/plugins/com.st.stm32cube.ide.mcu.externaltools.gnu-tools-for-stm32.11.3.rel1.win32_1.1.1.202309131626/tools/bin/../lib/gcc/arm-none-eabi/11.3.1/thumb/v7-m/nofp\libgcc.a(_arm_addsubdf3.o)
 .debug_frame   0x0000000000003a74       0x24 D:/Program files/STM32/STM32CubeIDE_1.11.0/STM32CubeIDE/plugins/com.st.stm32cube.ide.mcu.externaltools.gnu-tools-for-stm32.11.3.rel1.win32_1.1.1.202309131626/tools/bin/../lib/gcc/arm-none-eabi/11.3.1/thumb/v7-m/nofp\libgcc.a(_arm_truncdfsf2.o)

.debug_line_str
                0x0000000000000000       0x67
 .debug_line_str
                0x0000000000000000       0x67 ./Core/Startup/startup_stm32f103c8tx.o
                                         0x7f (size before relaxing)
