../Core/Src/main.c:88:6:HAL_TIM_PeriodElapsedCallback	16	static
../Core/Src/main.c:107:6:HAL_UART_RxCpltCallback	16	static
../Core/Src/main.c:123:5:main	8	static
../Core/Src/main.c:183:6:SystemClock_Config	72	static
../Core/Src/main.c:223:13:MX_TIM1_Init	32	static
../Core/Src/main.c:269:13:MX_USART1_UART_Init	8	static
../Core/Src/main.c:302:13:MX_USART2_UART_Init	8	static
../Core/Src/main.c:333:13:MX_DMA_Init	16	static
../Core/Src/main.c:351:13:MX_GPIO_Init	40	static
../Core/Src/main.c:384:6:Error_Handler	4	static,ignoring_inline_asm
